###############################################################################
#
# IAR ELF Linker V9.30.1.335/W64 for ARM                  01/Dec/2022  22:23:00
# Copyright 2007-2022 IAR Systems AB.
#
#    Output file  =  C:\Embedded\week3\Debug\Exe\week3.out
#    Map file     =  C:\Embedded\week3\Debug\List\week3.map
#    Command line =
#        -f C:\Embedded\week3\Debug\Exe\week3.out.rsp
#        (C:\Embedded\week3\Debug\Obj\CoreSupport\core_cm3.o
#        C:\Embedded\week3\Debug\Obj\Libraries\LCD\lcd.o
#        C:\Embedded\week3\Debug\Obj\user\main.o
#        C:\Embedded\week3\Debug\Obj\Libraries\STM32F10x_StdPeriph_Driver_v3.5\src\misc.o
#        C:\Embedded\week3\Debug\Obj\Libraries\CMSIS\DeviceSupport\Startup\startup_stm32f10x_cl.o
#        C:\Embedded\week3\Debug\Obj\Libraries\STM32F10x_StdPeriph_Driver_v3.5\src\stm32f10x_adc.o
#        C:\Embedded\week3\Debug\Obj\Libraries\STM32F10x_StdPeriph_Driver_v3.5\src\stm32f10x_bkp.o
#        C:\Embedded\week3\Debug\Obj\Libraries\STM32F10x_StdPeriph_Driver_v3.5\src\stm32f10x_can.o
#        C:\Embedded\week3\Debug\Obj\Libraries\STM32F10x_StdPeriph_Driver_v3.5\src\stm32f10x_cec.o
#        C:\Embedded\week3\Debug\Obj\Libraries\STM32F10x_StdPeriph_Driver_v3.5\src\stm32f10x_crc.o
#        C:\Embedded\week3\Debug\Obj\Libraries\STM32F10x_StdPeriph_Driver_v3.5\src\stm32f10x_dac.o
#        C:\Embedded\week3\Debug\Obj\Libraries\STM32F10x_StdPeriph_Driver_v3.5\src\stm32f10x_dbgmcu.o
#        C:\Embedded\week3\Debug\Obj\Libraries\STM32F10x_StdPeriph_Driver_v3.5\src\stm32f10x_dma.o
#        C:\Embedded\week3\Debug\Obj\Libraries\STM32F10x_StdPeriph_Driver_v3.5\src\stm32f10x_exti.o
#        C:\Embedded\week3\Debug\Obj\Libraries\STM32F10x_StdPeriph_Driver_v3.5\src\stm32f10x_flash.o
#        C:\Embedded\week3\Debug\Obj\Libraries\STM32F10x_StdPeriph_Driver_v3.5\src\stm32f10x_fsmc.o
#        C:\Embedded\week3\Debug\Obj\Libraries\STM32F10x_StdPeriph_Driver_v3.5\src\stm32f10x_gpio.o
#        C:\Embedded\week3\Debug\Obj\Libraries\STM32F10x_StdPeriph_Driver_v3.5\src\stm32f10x_i2c.o
#        C:\Embedded\week3\Debug\Obj\user\stm32f10x_it.o
#        C:\Embedded\week3\Debug\Obj\Libraries\STM32F10x_StdPeriph_Driver_v3.5\src\stm32f10x_iwdg.o
#        C:\Embedded\week3\Debug\Obj\Libraries\STM32F10x_StdPeriph_Driver_v3.5\src\stm32f10x_pwr.o
#        C:\Embedded\week3\Debug\Obj\Libraries\STM32F10x_StdPeriph_Driver_v3.5\src\stm32f10x_rcc.o
#        C:\Embedded\week3\Debug\Obj\Libraries\STM32F10x_StdPeriph_Driver_v3.5\src\stm32f10x_rtc.o
#        C:\Embedded\week3\Debug\Obj\Libraries\STM32F10x_StdPeriph_Driver_v3.5\src\stm32f10x_sdio.o
#        C:\Embedded\week3\Debug\Obj\Libraries\STM32F10x_StdPeriph_Driver_v3.5\src\stm32f10x_spi.o
#        C:\Embedded\week3\Debug\Obj\Libraries\STM32F10x_StdPeriph_Driver_v3.5\src\stm32f10x_tim.o
#        C:\Embedded\week3\Debug\Obj\Libraries\STM32F10x_StdPeriph_Driver_v3.5\src\stm32f10x_usart.o
#        C:\Embedded\week3\Debug\Obj\Libraries\STM32F10x_StdPeriph_Driver_v3.5\src\stm32f10x_wwdg.o
#        C:\Embedded\week3\Debug\Obj\Libraries\CMSIS\DeviceSupport\system_stm32f10x.o
#        C:\Embedded\week3\Debug\Obj\Libraries\LCD\touch.o --no_out_extension
#        -o C:\Embedded\week3\Debug\Exe\week3.out --map
#        C:\Embedded\week3\Debug\List\week3.map --log
#        libraries,initialization,modules,redirects,sections,veneers,unused_fragments,call_graph
#        --log_file C:\Embedded\week3\Debug\List\week3.log --config
#        "C:\Users\user\Downloads\icf ÆÄÀÏ\myicf.icf" --semihosting --entry
#        __iar_program_start --vfe --text_out locale --cpu=Cortex-M3
#        --fpu=None)
#
###############################################################################

*******************************************************************************
*** RUNTIME MODEL ATTRIBUTES
***

CppFlavor       = *
__CPP_Runtime   = 1
__SystemLibrary = DLib
__dlib_version  = 6


*******************************************************************************
*** HEAP SELECTION
***

The basic heap was selected because --advanced_heap
was not specified and the application did not appear to
be primarily optimized for speed.


*******************************************************************************
*** PLACEMENT SUMMARY
***

"A0":  place at address 0x800'0000 { ro section .intvec };
"P1":  place in [from 0x800'0000 to 0x807'ffff] { ro };
define block CSTACK with size = 4K, alignment = 8 { };
define block HEAP with size = 4K, alignment = 8 { };
"P2":  place in [from 0x2000'0000 to 0x2000'7fff] {
          rw, block CSTACK, block HEAP };
initialize by copy { rw };

  Section            Kind         Address    Size  Object
  -------            ----         -------    ----  ------
"A0":                                       0x150
  .intvec            ro code   0x800'0000   0x150  startup_stm32f10x_cl.o [3]
                             - 0x800'0150   0x150

"P1":                                      0x3b9d
  .text              ro code   0x800'0150   0xb38  lcd.o [4]
  .text              ro code   0x800'0c88   0x140  stm32f10x_gpio.o [5]
  .text              ro code   0x800'0dc8   0x16c  stm32f10x_rcc.o [5]
  .text              ro code   0x800'0f34     0x8  abs.o [7]
  .text              ro code   0x800'0f3c   0x744  touch.o [4]
  .text              ro code   0x800'1680    0x1a  U32ToFlt.o [8]
  .text              ro code   0x800'169a    0x3a  packbits_init_single.o [9]
  .text              ro code   0x800'16d4    0xd8  FltMul.o [8]
  .text              ro code   0x800'17ac    0x24  S32ToFlt.o [8]
  .text              ro code   0x800'17d0   0x16e  FltAddSub.o [8]
  .text              ro code   0x800'1940    0x26  FltToS32.o [8]
  .text              ro code   0x800'1968    0x1c  U32ToDbl.o [8]
  .text              ro code   0x800'1984    0xf2  sqrt.o [8]
  .text              ro code   0x800'1a78    0x36  DblToS32.o [8]
  .text              ro code   0x800'1ab0   0x118  FltDiv.o [8]
  .text              ro code   0x800'1bc8    0x28  FltCmpLe.o [8]
  .text              ro code   0x800'1bf0    0x28  FltCmpGe.o [8]
  .text              ro code   0x800'1c18   0x740  main.o [6]
  .text              ro code   0x800'2358    0xb4  stm32f10x_exti.o [5]
  .text              ro code   0x800'240c    0x54  stm32f10x_dma.o [5]
  .text              ro code   0x800'2460   0x1a0  stm32f10x_adc.o [5]
  .text              ro code   0x800'2600    0x80  misc.o [5]
  .text              ro code   0x800'2680   0x190  stm32f10x_tim.o [5]
  .text              ro code   0x800'2810   0x1a6  stm32f10x_usart.o [5]
  .text              ro code   0x800'29b8   0x150  system_stm32f10x.o [2]
  .rodata            const     0x800'2b08   0x5f0  lcd.o [4]
  .rodata            const     0x800'30f8   0x594  lcd.o [4]
  .rodata            const     0x800'368c   0x474  lcd.o [4]
  .text              ro code   0x800'3b00    0x28  data_init.o [9]
  .iar.init_table    const     0x800'3b28    0x10  - Linker created -
  .text              ro code   0x800'3b38    0x1e  cmain.o [9]
  .text              ro code   0x800'3b56     0x4  low_level_init.o [7]
  .text              ro code   0x800'3b5a     0x4  exit.o [7]
  .text              ro code   0x800'3b60     0xa  cexit.o [9]
  .text              ro code   0x800'3b6c    0x14  exit.o [10]
  .text              ro code   0x800'3b80    0x1c  cstartup_M.o [9]
  .text              ro code   0x800'3b9c    0x12  stm32f10x_it.o [6]
  .text              ro code   0x800'3bb0    0x10  startup_stm32f10x_cl.o [3]
  .text              ro code   0x800'3bc0     0x4  startup_stm32f10x_cl.o [3]
  .text              ro code   0x800'3bc4     0x4  startup_stm32f10x_cl.o [3]
  .text              ro code   0x800'3bc8     0x4  startup_stm32f10x_cl.o [3]
  .text              ro code   0x800'3bcc     0x4  startup_stm32f10x_cl.o [3]
  .text              ro code   0x800'3bd0     0x4  startup_stm32f10x_cl.o [3]
  .text              ro code   0x800'3bd4     0x4  startup_stm32f10x_cl.o [3]
  .text              ro code   0x800'3bd8     0x4  startup_stm32f10x_cl.o [3]
  .text              ro code   0x800'3bdc     0x4  startup_stm32f10x_cl.o [3]
  .text              ro code   0x800'3be0     0x4  startup_stm32f10x_cl.o [3]
  .text              ro code   0x800'3be4     0x4  startup_stm32f10x_cl.o [3]
  .text              ro code   0x800'3be8     0x4  startup_stm32f10x_cl.o [3]
  .text              ro code   0x800'3bec     0x4  startup_stm32f10x_cl.o [3]
  .text              ro code   0x800'3bf0     0x4  startup_stm32f10x_cl.o [3]
  .text              ro code   0x800'3bf4     0x4  startup_stm32f10x_cl.o [3]
  .text              ro code   0x800'3bf8     0x4  startup_stm32f10x_cl.o [3]
  .text              ro code   0x800'3bfc     0x4  startup_stm32f10x_cl.o [3]
  .text              ro code   0x800'3c00     0x4  startup_stm32f10x_cl.o [3]
  .text              ro code   0x800'3c04     0x4  startup_stm32f10x_cl.o [3]
  .text              ro code   0x800'3c08     0x4  startup_stm32f10x_cl.o [3]
  .text              ro code   0x800'3c0c     0x4  startup_stm32f10x_cl.o [3]
  .text              ro code   0x800'3c10     0x4  startup_stm32f10x_cl.o [3]
  .text              ro code   0x800'3c14     0x4  startup_stm32f10x_cl.o [3]
  .text              ro code   0x800'3c18     0x4  startup_stm32f10x_cl.o [3]
  .text              ro code   0x800'3c1c     0x4  startup_stm32f10x_cl.o [3]
  .text              ro code   0x800'3c20     0x4  startup_stm32f10x_cl.o [3]
  .text              ro code   0x800'3c24     0x4  startup_stm32f10x_cl.o [3]
  .text              ro code   0x800'3c28     0x4  startup_stm32f10x_cl.o [3]
  .text              ro code   0x800'3c2c     0x4  startup_stm32f10x_cl.o [3]
  .text              ro code   0x800'3c30     0x4  startup_stm32f10x_cl.o [3]
  .text              ro code   0x800'3c34     0x4  startup_stm32f10x_cl.o [3]
  .text              ro code   0x800'3c38     0x4  startup_stm32f10x_cl.o [3]
  .text              ro code   0x800'3c3c     0x4  startup_stm32f10x_cl.o [3]
  .text              ro code   0x800'3c40     0x4  startup_stm32f10x_cl.o [3]
  .text              ro code   0x800'3c44     0x4  startup_stm32f10x_cl.o [3]
  .text              ro code   0x800'3c48     0x4  startup_stm32f10x_cl.o [3]
  .text              ro code   0x800'3c4c     0x4  startup_stm32f10x_cl.o [3]
  .text              ro code   0x800'3c50     0x4  startup_stm32f10x_cl.o [3]
  .text              ro code   0x800'3c54     0x4  startup_stm32f10x_cl.o [3]
  .text              ro code   0x800'3c58     0x4  startup_stm32f10x_cl.o [3]
  .text              ro code   0x800'3c5c     0x4  startup_stm32f10x_cl.o [3]
  .text              ro code   0x800'3c60     0x4  startup_stm32f10x_cl.o [3]
  .text              ro code   0x800'3c64     0x4  startup_stm32f10x_cl.o [3]
  .text              ro code   0x800'3c68     0x4  startup_stm32f10x_cl.o [3]
  .text              ro code   0x800'3c6c     0x4  startup_stm32f10x_cl.o [3]
  .text              ro code   0x800'3c70     0x4  startup_stm32f10x_cl.o [3]
  .text              ro code   0x800'3c74     0x4  startup_stm32f10x_cl.o [3]
  .text              ro code   0x800'3c78     0x4  startup_stm32f10x_cl.o [3]
  .text              ro code   0x800'3c7c     0x4  startup_stm32f10x_cl.o [3]
  .text              ro code   0x800'3c80     0x4  startup_stm32f10x_cl.o [3]
  .text              ro code   0x800'3c84     0x4  startup_stm32f10x_cl.o [3]
  .text              ro code   0x800'3c88     0x4  startup_stm32f10x_cl.o [3]
  .text              ro code   0x800'3c8c     0x4  startup_stm32f10x_cl.o [3]
  .text              ro code   0x800'3c90     0x4  startup_stm32f10x_cl.o [3]
  .text              ro code   0x800'3c94     0x4  startup_stm32f10x_cl.o [3]
  .text              ro code   0x800'3c98     0x4  startup_stm32f10x_cl.o [3]
  .text              ro code   0x800'3c9c     0x4  startup_stm32f10x_cl.o [3]
  .text              ro code   0x800'3ca0     0x4  startup_stm32f10x_cl.o [3]
  .text              ro code   0x800'3ca4     0x4  startup_stm32f10x_cl.o [3]
  .text              ro code   0x800'3ca8     0x4  startup_stm32f10x_cl.o [3]
  .text              ro code   0x800'3cac     0x4  startup_stm32f10x_cl.o [3]
  .text              ro code   0x800'3cb0     0x4  startup_stm32f10x_cl.o [3]
  .text              ro code   0x800'3cb4     0x4  startup_stm32f10x_cl.o [3]
  .text              ro code   0x800'3cb8     0x4  startup_stm32f10x_cl.o [3]
  .text              ro code   0x800'3cbc     0x4  startup_stm32f10x_cl.o [3]
  .text              ro code   0x800'3cc0     0x4  startup_stm32f10x_cl.o [3]
  .text              ro code   0x800'3cc4     0x4  startup_stm32f10x_cl.o [3]
  .text              ro code   0x800'3cc8     0x4  startup_stm32f10x_cl.o [3]
  .text              ro code   0x800'3ccc     0x4  startup_stm32f10x_cl.o [3]
  .text              ro code   0x800'3cd0     0x4  startup_stm32f10x_cl.o [3]
  .text              ro code   0x800'3cd4     0x4  startup_stm32f10x_cl.o [3]
  .rodata            const     0x800'3cd8     0x0  packbits_init_single.o [9]
  Initializer bytes  const     0x800'3cd8    0x15  <for P2-1>
                             - 0x800'3ced  0x3b9d

"P2", part 1 of 2:                           0x36
  P2-1                        0x2000'0000    0x36  <Init block>
    .data            inited   0x2000'0000    0x10  stm32f10x_rcc.o [5]
    .data            inited   0x2000'0010     0x4  stm32f10x_rcc.o [5]
    .bss             inited   0x2000'0014     0x8  main.o [6]
    .bss             inited   0x2000'001c     0x4  main.o [6]
    .bss             inited   0x2000'0020     0x4  main.o [6]
    .bss             inited   0x2000'0024     0x4  touch.o [4]
    .bss             inited   0x2000'0028     0x4  touch.o [4]
    .bss             inited   0x2000'002c     0x2  lcd.o [4]
    .bss             inited   0x2000'002e     0x2  main.o [6]
    .bss             inited   0x2000'0030     0x2  main.o [6]
    .bss             inited   0x2000'0032     0x2  touch.o [4]
    .bss             inited   0x2000'0034     0x2  touch.o [4]
                            - 0x2000'0036    0x36

"P2", part 2 of 2:                         0x1000
  CSTACK                      0x2000'0038  0x1000  <Block>
    CSTACK           uninit   0x2000'0038  0x1000  <Block tail>
                            - 0x2000'1038  0x1000

Unused ranges:

         From           To      Size
         ----           --      ----
   0x800'3ced   0x807'ffff  0x7'c313
  0x2000'0036  0x2000'0037       0x2
  0x2000'1038  0x2000'7fff    0x6fc8


*******************************************************************************
*** INIT TABLE
***

          Address      Size
          -------      ----
Copy/packbits (__iar_packbits_init_single3)
    1 source range, total size 0x15 (38% of destination):
           0x800'3cd8  0x15
    1 destination range, total size 0x36:
          0x2000'0000  0x36



*******************************************************************************
*** MODULE SUMMARY
***

    Module                  ro code  ro data  rw data
    ------                  -------  -------  -------
command line/config:
    -------------------------------------------------
    Total:

C:\Embedded\week3\Debug\Obj\CoreSupport: [1]
    -------------------------------------------------
    Total:

C:\Embedded\week3\Debug\Obj\Libraries\CMSIS\DeviceSupport: [2]
    system_stm32f10x.o          336
    -------------------------------------------------
    Total:                      336

C:\Embedded\week3\Debug\Obj\Libraries\CMSIS\DeviceSupport\Startup: [3]
    startup_stm32f10x_cl.o      632
    -------------------------------------------------
    Total:                      632

C:\Embedded\week3\Debug\Obj\Libraries\LCD: [4]
    lcd.o                     2'872    4'088        2
    touch.o                   1'860        5       12
    -------------------------------------------------
    Total:                    4'732    4'093       14

C:\Embedded\week3\Debug\Obj\Libraries\STM32F10x_StdPeriph_Driver_v3.5\src: [5]
    misc.o                      128
    stm32f10x_adc.o             416
    stm32f10x_dma.o              84
    stm32f10x_exti.o            180
    stm32f10x_gpio.o            320
    stm32f10x_rcc.o             364        7       20
    stm32f10x_tim.o             400
    stm32f10x_usart.o           422
    -------------------------------------------------
    Total:                    2'314        7       20

C:\Embedded\week3\Debug\Obj\user: [6]
    main.o                    1'856        9       20
    stm32f10x_it.o               18
    -------------------------------------------------
    Total:                    1'874        9       20

dl7M_tln.a: [7]
    abs.o                         8
    exit.o                        4
    low_level_init.o              4
    -------------------------------------------------
    Total:                       16

m7M_tl.a: [8]
    DblToS32.o                   54
    FltAddSub.o                 366
    FltCmpGe.o                   40
    FltCmpLe.o                   40
    FltDiv.o                    280
    FltMul.o                    216
    FltToS32.o                   38
    S32ToFlt.o                   36
    U32ToDbl.o                   28
    U32ToFlt.o                   26
    sqrt.o                      242
    -------------------------------------------------
    Total:                    1'366

rt7M_tl.a: [9]
    cexit.o                      10
    cmain.o                      30
    cstartup_M.o                 28
    data_init.o                  40
    packbits_init_single.o       58
    -------------------------------------------------
    Total:                      166

shb_l.a: [10]
    exit.o                       20
    -------------------------------------------------
    Total:                       20

    Gaps                         16
    Linker created                        16    4'096
-----------------------------------------------------
    Grand Total:             11'472    4'125    4'150


*******************************************************************************
*** ENTRY LIST
***

Entry                       Address   Size  Type      Object
-----                       -------   ----  ----      ------
.iar.init_table$$Base    0x800'3b28          --   Gb  - Linker created -
.iar.init_table$$Limit   0x800'3b38          --   Gb  - Linker created -
?main                    0x800'3b39         Code  Gb  cmain.o [9]
ADC1_2_IRQHandler        0x800'3c2d         Code  Wk  startup_stm32f10x_cl.o [3]
ADCPrescTable           0x2000'0010    0x4  Data  Lc  stm32f10x_rcc.o [5]
ADC_Cmd                  0x800'24ab   0x1a  Code  Gb  stm32f10x_adc.o [5]
ADC_Configure            0x800'1e5f   0x78  Code  Gb  main.o [6]
ADC_DMACmd               0x800'24c5   0x1a  Code  Gb  stm32f10x_adc.o [5]
ADC_GetCalibrationStatus
                         0x800'2505   0x12  Code  Gb  stm32f10x_adc.o [5]
ADC_GetResetCalibrationStatus
                         0x800'24e9   0x12  Code  Gb  stm32f10x_adc.o [5]
ADC_Init                 0x800'2461   0x4a  Code  Gb  stm32f10x_adc.o [5]
ADC_RegularChannelConfig
                         0x800'2531   0xc6  Code  Gb  stm32f10x_adc.o [5]
ADC_ResetCalibration     0x800'24df    0xa  Code  Gb  stm32f10x_adc.o [5]
ADC_SoftwareStartConvCmd
                         0x800'2517   0x1a  Code  Gb  stm32f10x_adc.o [5]
ADC_StartCalibration     0x800'24fb    0xa  Code  Gb  stm32f10x_adc.o [5]
ADC_Value               0x2000'0014    0x8  Data  Gb  main.o [6]
ADS_Read_AD              0x800'0f8d   0x76  Code  Gb  touch.o [4]
ADS_Read_XY              0x800'1003   0xa4  Code  Gb  touch.o [4]
ADS_Write_Byte           0x800'0f3d   0x4e  Code  Gb  touch.o [4]
APBAHBPrescTable        0x2000'0000   0x10  Data  Lc  stm32f10x_rcc.o [5]
BusFault_Handler         0x800'3ba3    0x2  Code  Gb  stm32f10x_it.o [6]
CAN1_RX0_IRQHandler      0x800'3c35         Code  Wk  startup_stm32f10x_cl.o [3]
CAN1_RX1_IRQHandler      0x800'3c39         Code  Wk  startup_stm32f10x_cl.o [3]
CAN1_SCE_IRQHandler      0x800'3c3d         Code  Wk  startup_stm32f10x_cl.o [3]
CAN1_TX_IRQHandler       0x800'3c31         Code  Wk  startup_stm32f10x_cl.o [3]
CAN2_RX0_IRQHandler      0x800'3cc9         Code  Wk  startup_stm32f10x_cl.o [3]
CAN2_RX1_IRQHandler      0x800'3ccd         Code  Wk  startup_stm32f10x_cl.o [3]
CAN2_SCE_IRQHandler      0x800'3cd1         Code  Wk  startup_stm32f10x_cl.o [3]
CAN2_TX_IRQHandler       0x800'3cc5         Code  Wk  startup_stm32f10x_cl.o [3]
CSTACK$$Base            0x2000'0038          --   Gb  - Linker created -
CSTACK$$Limit           0x2000'1038          --   Gb  - Linker created -
ControlPWM               0x800'214f   0x24  Code  Gb  main.o [6]
Convert_Pos              0x800'1323   0x58  Code  Gb  touch.o [4]
DMA1_Channel1_IRQHandler
                         0x800'3c11         Code  Wk  startup_stm32f10x_cl.o [3]
DMA1_Channel2_IRQHandler
                         0x800'3c15         Code  Wk  startup_stm32f10x_cl.o [3]
DMA1_Channel3_IRQHandler
                         0x800'3c19         Code  Wk  startup_stm32f10x_cl.o [3]
DMA1_Channel4_IRQHandler
                         0x800'3c1d         Code  Wk  startup_stm32f10x_cl.o [3]
DMA1_Channel5_IRQHandler
                         0x800'3c21         Code  Wk  startup_stm32f10x_cl.o [3]
DMA1_Channel6_IRQHandler
                         0x800'3c25         Code  Wk  startup_stm32f10x_cl.o [3]
DMA1_Channel7_IRQHandler
                         0x800'3c29         Code  Wk  startup_stm32f10x_cl.o [3]
DMA2_Channel1_IRQHandler
                         0x800'3ca9         Code  Wk  startup_stm32f10x_cl.o [3]
DMA2_Channel2_IRQHandler
                         0x800'3cad         Code  Wk  startup_stm32f10x_cl.o [3]
DMA2_Channel3_IRQHandler
                         0x800'3cb1         Code  Wk  startup_stm32f10x_cl.o [3]
DMA2_Channel4_IRQHandler
                         0x800'3cb5         Code  Wk  startup_stm32f10x_cl.o [3]
DMA2_Channel5_IRQHandler
                         0x800'3cb9         Code  Wk  startup_stm32f10x_cl.o [3]
DMA_Cmd                  0x800'2445   0x1c  Code  Gb  stm32f10x_dma.o [5]
DMA_Configure            0x800'1e0b   0x54  Code  Gb  main.o [6]
DMA_Init                 0x800'240d   0x38  Code  Gb  stm32f10x_dma.o [5]
DebugMon_Handler         0x800'3ba9    0x2  Code  Gb  stm32f10x_it.o [6]
DeviceCode              0x2000'002c    0x2  Data  Gb  lcd.o [4]
Drow_Touch_Point         0x800'12af   0x68  Code  Gb  touch.o [4]
ETH_IRQHandler           0x800'3cbd         Code  Wk  startup_stm32f10x_cl.o [3]
ETH_WKUP_IRQHandler      0x800'3cc1         Code  Wk  startup_stm32f10x_cl.o [3]
EXTI0_IRQHandler         0x800'3bfd         Code  Wk  startup_stm32f10x_cl.o [3]
EXTI15_10_IRQHandler     0x800'20ad   0x38  Code  Gb  main.o [6]
EXTI1_IRQHandler         0x800'207f   0x2e  Code  Gb  main.o [6]
EXTI2_IRQHandler         0x800'3c05         Code  Wk  startup_stm32f10x_cl.o [3]
EXTI3_IRQHandler         0x800'3c09         Code  Wk  startup_stm32f10x_cl.o [3]
EXTI4_IRQHandler         0x800'3c0d         Code  Wk  startup_stm32f10x_cl.o [3]
EXTI9_5_IRQHandler       0x800'3c41         Code  Wk  startup_stm32f10x_cl.o [3]
EXTI_ClearITPendingBit   0x800'23f1    0x6  Code  Gb  stm32f10x_exti.o [5]
EXTI_Configure           0x800'1dbd   0x4e  Code  Gb  main.o [6]
EXTI_GetITStatus         0x800'23d1   0x20  Code  Gb  stm32f10x_exti.o [5]
EXTI_Init                0x800'2359   0x78  Code  Gb  stm32f10x_exti.o [5]
FLASH_IRQHandler         0x800'3bf5         Code  Wk  startup_stm32f10x_cl.o [3]
GBHZ_16                  0x800'30f8  0x594  Data  Gb  lcd.o [4]
GPIO_EXTILineConfig      0x800'0d77   0x4c  Code  Gb  stm32f10x_gpio.o [5]
GPIO_Init                0x800'0c89   0xc2  Code  Gb  stm32f10x_gpio.o [5]
GPIO_ReadInputData       0x800'0d5f    0x6  Code  Gb  stm32f10x_gpio.o [5]
GPIO_ReadInputDataBit    0x800'0d4b   0x14  Code  Gb  stm32f10x_gpio.o [5]
GPIO_ResetBits           0x800'0d6b    0x6  Code  Gb  stm32f10x_gpio.o [5]
GPIO_SetBits             0x800'0d65    0x6  Code  Gb  stm32f10x_gpio.o [5]
GPIO_Write               0x800'0d71    0x6  Code  Gb  stm32f10x_gpio.o [5]
GpioInit                 0x800'1ca1  0x11c  Code  Gb  main.o [6]
HardFault_Handler        0x800'3b9f    0x2  Code  Gb  stm32f10x_it.o [6]
I2C1_ER_IRQHandler       0x800'3c65         Code  Wk  startup_stm32f10x_cl.o [3]
I2C1_EV_IRQHandler       0x800'3c61         Code  Wk  startup_stm32f10x_cl.o [3]
I2C2_ER_IRQHandler       0x800'3c6d         Code  Wk  startup_stm32f10x_cl.o [3]
I2C2_EV_IRQHandler       0x800'3c69         Code  Wk  startup_stm32f10x_cl.o [3]
LCD_Clear                0x800'0679   0x28  Code  Gb  lcd.o [4]
LCD_Configuration        0x800'0291   0x74  Code  Lc  lcd.o [4]
LCD_Delay                0x800'0305   0x26  Code  Lc  lcd.o [4]
LCD_DrawLine             0x800'0737  0x110  Code  Gb  lcd.o [4]
LCD_DrawPoint            0x800'071f   0x18  Code  Gb  lcd.o [4]
LCD_Init                 0x800'0343  0x336  Code  Gb  lcd.o [4]
LCD_ReadReg              0x800'01e1   0x88  Code  Lc  lcd.o [4]
LCD_SetCursor            0x800'06a1   0x3e  Code  Gb  lcd.o [4]
LCD_ShowChar             0x800'0847   0xfc  Code  Gb  lcd.o [4]
LCD_ShowCharString       0x800'0943   0x58  Code  Gb  lcd.o [4]
LCD_ShowHzString         0x800'0c09   0x62  Code  Gb  lcd.o [4]
LCD_ShowNum              0x800'099b   0xec  Code  Gb  lcd.o [4]
LCD_ShowString           0x800'0a87   0x5e  Code  Gb  lcd.o [4]
LCD_WR_DATA              0x800'0199   0x48  Code  Lc  lcd.o [4]
LCD_WR_REG               0x800'0151   0x48  Code  Lc  lcd.o [4]
LCD_WindowMax            0x800'06df   0x40  Code  Gb  lcd.o [4]
LCD_WriteRAM             0x800'0287    0xa  Code  Lc  lcd.o [4]
LCD_WriteRAM_Prepare     0x800'027d    0xa  Code  Lc  lcd.o [4]
LCD_WriteReg             0x800'0269   0x14  Code  Lc  lcd.o [4]
MemManage_Handler        0x800'3ba1    0x2  Code  Gb  stm32f10x_it.o [6]
NMI_Handler              0x800'3b9d    0x2  Code  Gb  stm32f10x_it.o [6]
NVIC_Configure           0x800'1ed7   0xb4  Code  Gb  main.o [6]
NVIC_Init                0x800'260b   0x60  Code  Gb  misc.o [5]
NVIC_PriorityGroupConfig
                         0x800'2601    0xa  Code  Gb  misc.o [5]
OTG_FS_IRQHandler        0x800'3cd5         Code  Wk  startup_stm32f10x_cl.o [3]
OTG_FS_WKUP_IRQHandler   0x800'3c8d         Code  Wk  startup_stm32f10x_cl.o [3]
PVD_IRQHandler           0x800'3be9         Code  Wk  startup_stm32f10x_cl.o [3]
PendSV_Handler           0x800'3bab    0x2  Code  Gb  stm32f10x_it.o [6]
RCCInit                  0x800'1c37   0x6a  Code  Gb  main.o [6]
RCC_AHBPeriphClockCmd    0x800'0eb7   0x1c  Code  Gb  stm32f10x_rcc.o [5]
RCC_APB1PeriphClockCmd   0x800'0eef   0x1c  Code  Gb  stm32f10x_rcc.o [5]
RCC_APB2PeriphClockCmd   0x800'0ed3   0x1c  Code  Gb  stm32f10x_rcc.o [5]
RCC_GetClocksFreq        0x800'0dc9   0xee  Code  Gb  stm32f10x_rcc.o [5]
RCC_IRQHandler           0x800'3bf9         Code  Wk  startup_stm32f10x_cl.o [3]
RTCAlarm_IRQHandler      0x800'3c89         Code  Wk  startup_stm32f10x_cl.o [3]
RTC_IRQHandler           0x800'3bf1         Code  Wk  startup_stm32f10x_cl.o [3]
Read_ADSX                0x800'10a7   0x1c  Code  Gb  touch.o [4]
Read_ADSY                0x800'10c3   0x1c  Code  Gb  touch.o [4]
Refreshes_Screen         0x800'1317    0xc  Code  Gb  touch.o [4]
Region$$Table$$Base      0x800'3b28          --   Gb  - Linker created -
Region$$Table$$Limit     0x800'3b38          --   Gb  - Linker created -
ResetFireAlarm           0x800'2181   0x22  Code  Gb  main.o [6]
ResetIntruderAlarm       0x800'2173    0xe  Code  Gb  main.o [6]
Reset_Handler            0x800'3bb1         Code  Wk  startup_stm32f10x_cl.o [3]
SPI1_IRQHandler          0x800'3c71         Code  Wk  startup_stm32f10x_cl.o [3]
SPI2_IRQHandler          0x800'3c75         Code  Wk  startup_stm32f10x_cl.o [3]
SPI3_IRQHandler          0x800'3c95         Code  Wk  startup_stm32f10x_cl.o [3]
SVC_Handler              0x800'3ba7    0x2  Code  Gb  stm32f10x_it.o [6]
SetSysClock              0x800'2a0b    0x8  Code  Lc  system_stm32f10x.o [2]
SetSysClockTo72          0x800'2a13   0xd2  Code  Lc  system_stm32f10x.o [2]
SysTick_Handler          0x800'3bad    0x2  Code  Gb  stm32f10x_it.o [6]
SystemInit               0x800'29b9   0x52  Code  Gb  system_stm32f10x.o [2]
TAMPER_IRQHandler        0x800'3bed         Code  Wk  startup_stm32f10x_cl.o [3]
TIM1_BRK_IRQHandler      0x800'3c45         Code  Wk  startup_stm32f10x_cl.o [3]
TIM1_CC_IRQHandler       0x800'3c51         Code  Wk  startup_stm32f10x_cl.o [3]
TIM1_TRG_COM_IRQHandler
                         0x800'3c4d         Code  Wk  startup_stm32f10x_cl.o [3]
TIM1_UP_IRQHandler       0x800'3c49         Code  Wk  startup_stm32f10x_cl.o [3]
TIM2_IRQHandler          0x800'3c55         Code  Wk  startup_stm32f10x_cl.o [3]
TIM3_IRQHandler          0x800'3c59         Code  Wk  startup_stm32f10x_cl.o [3]
TIM4_IRQHandler          0x800'3c5d         Code  Wk  startup_stm32f10x_cl.o [3]
TIM5_IRQHandler          0x800'3c91         Code  Wk  startup_stm32f10x_cl.o [3]
TIM6_IRQHandler          0x800'3ca1         Code  Wk  startup_stm32f10x_cl.o [3]
TIM7_IRQHandler          0x800'3ca5         Code  Wk  startup_stm32f10x_cl.o [3]
TIM_ARRPreloadConfig     0x800'27b7   0x1c  Code  Gb  stm32f10x_tim.o [5]
TIM_Cmd                  0x800'279b   0x1c  Code  Gb  stm32f10x_tim.o [5]
TIM_Configure            0x800'1f8b   0x68  Code  Gb  main.o [6]
TIM_OC3Init              0x800'2713   0x88  Code  Gb  stm32f10x_tim.o [5]
TIM_OC3PreloadConfig     0x800'27d3   0x10  Code  Gb  stm32f10x_tim.o [5]
TIM_TimeBaseInit         0x800'2681   0x92  Code  Gb  stm32f10x_tim.o [5]
Touch_Adjust             0x800'137b  0x2ce  Code  Gb  touch.o [4]
Touch_Configuration      0x800'125f   0x50  Code  Gb  touch.o [4]
Touch_GetXY              0x800'121f   0x40  Code  Gb  touch.o [4]
Touch_GexX               0x800'10df   0xa0  Code  Gb  touch.o [4]
Touch_GexY               0x800'117f   0xa0  Code  Gb  touch.o [4]
UART4_IRQHandler         0x800'3c99         Code  Wk  startup_stm32f10x_cl.o [3]
UART5_IRQHandler         0x800'3c9d         Code  Wk  startup_stm32f10x_cl.o [3]
USART1_IRQHandler        0x800'20e5   0x2e  Code  Gb  main.o [6]
USART1_Init              0x800'1ff3   0x46  Code  Gb  main.o [6]
USART2_IRQHandler        0x800'2113   0x3c  Code  Gb  main.o [6]
USART2_Init              0x800'2039   0x46  Code  Gb  main.o [6]
USART3_IRQHandler        0x800'3c81         Code  Wk  startup_stm32f10x_cl.o [3]
USART_ClearITPendingBit
                         0x800'29a1   0x16  Code  Gb  stm32f10x_usart.o [5]
USART_Cmd                0x800'28d1   0x1c  Code  Gb  stm32f10x_usart.o [5]
USART_GetITStatus        0x800'2947   0x5a  Code  Gb  stm32f10x_usart.o [5]
USART_ITConfig           0x800'28ed   0x4a  Code  Gb  stm32f10x_usart.o [5]
USART_Init               0x800'2811   0xba  Code  Gb  stm32f10x_usart.o [5]
USART_ReceiveData        0x800'293f    0x8  Code  Gb  stm32f10x_usart.o [5]
USART_SendData           0x800'2937    0x8  Code  Gb  stm32f10x_usart.o [5]
UsageFault_Handler       0x800'3ba5    0x2  Code  Gb  stm32f10x_it.o [6]
WWDG_IRQHandler          0x800'3be5         Code  Wk  startup_stm32f10x_cl.o [3]
WriteOneHz               0x800'0b29   0xe0  Code  Lc  lcd.o [4]
__NVIC_EnableIRQ         0x800'1c19   0x1e  Code  Lc  main.o [6]
__aeabi_cfcmple          0x800'1bc9         Code  Gb  FltCmpLe.o [8]
__aeabi_cfrcmple         0x800'1bf1         Code  Gb  FltCmpGe.o [8]
__aeabi_d2iz             0x800'1a79         Code  Gb  DblToS32.o [8]
__aeabi_f2iz             0x800'1941         Code  Gb  FltToS32.o [8]
__aeabi_fadd             0x800'17d1         Code  Gb  FltAddSub.o [8]
__aeabi_fdiv             0x800'1ab1         Code  Gb  FltDiv.o [8]
__aeabi_fmul             0x800'16d5         Code  Gb  FltMul.o [8]
__aeabi_fsub             0x800'18b1         Code  Gb  FltAddSub.o [8]
__aeabi_i2f              0x800'17ad         Code  Gb  S32ToFlt.o [8]
__aeabi_ui2d             0x800'1969         Code  Gb  U32ToDbl.o [8]
__aeabi_ui2f             0x800'1681         Code  Gb  U32ToFlt.o [8]
__cmain                  0x800'3b39         Code  Gb  cmain.o [9]
__exit                   0x800'3b6d   0x14  Code  Gb  exit.o [10]
__iar_data_init3         0x800'3b01   0x28  Code  Gb  data_init.o [9]
__iar_packbits_init_single3
                         0x800'169b   0x3a  Code  Gb  packbits_init_single.o [9]
__iar_program_start      0x800'3b81         Code  Gb  cstartup_M.o [9]
__iar_sqrt64             0x800'1985         Code  Gb  sqrt.o [8]
__low_level_init         0x800'3b57    0x4  Code  Gb  low_level_init.o [7]
__vector_table           0x800'0000         Data  Gb  startup_stm32f10x_cl.o [3]
_call_main               0x800'3b45         Code  Gb  cmain.o [9]
_exit                    0x800'3b61         Code  Gb  cexit.o [9]
abs                      0x800'0f35    0x8  Code  Wk  abs.o [7]
asc2_1206                0x800'368c  0x474  Data  Gb  lcd.o [4]
asc2_1608                0x800'2b08  0x5f0  Data  Gb  lcd.o [4]
btnFlag                 0x2000'0020    0x4  Data  Gb  main.o [6]
exit                     0x800'3b5b    0x4  Code  Gb  exit.o [7]
findHzIndex              0x800'0ae5   0x44  Code  Lc  lcd.o [4]
main                     0x800'21a3  0x168  Code  Gb  main.o [6]
motionFlag              0x2000'001c    0x4  Data  Gb  main.o [6]
mypow                    0x800'032b   0x18  Code  Lc  lcd.o [4]
sqrt                     0x800'1985         Code  Gb  sqrt.o [8]
sqrtl                    0x800'1985         Code  Gb  sqrt.o [8]
x                       0x2000'002e    0x2  Data  Gb  main.o [6]
xfac                    0x2000'0024    0x4  Data  Gb  touch.o [4]
xoff                    0x2000'0032    0x2  Data  Gb  touch.o [4]
y                       0x2000'0030    0x2  Data  Gb  main.o [6]
yfac                    0x2000'0028    0x4  Data  Gb  touch.o [4]
yoff                    0x2000'0034    0x2  Data  Gb  touch.o [4]


[1] = C:\Embedded\week3\Debug\Obj\CoreSupport
[2] = C:\Embedded\week3\Debug\Obj\Libraries\CMSIS\DeviceSupport
[3] = C:\Embedded\week3\Debug\Obj\Libraries\CMSIS\DeviceSupport\Startup
[4] = C:\Embedded\week3\Debug\Obj\Libraries\LCD
[5] = C:\Embedded\week3\Debug\Obj\Libraries\STM32F10x_StdPeriph_Driver_v3.5\src
[6] = C:\Embedded\week3\Debug\Obj\user
[7] = dl7M_tln.a
[8] = m7M_tl.a
[9] = rt7M_tl.a
[10] = shb_l.a

  11'472 bytes of readonly  code memory
   4'125 bytes of readonly  data memory
   4'150 bytes of readwrite data memory

Errors: none
Warnings: none
