###############################################################################
#
# IAR ELF Linker V9.30.1.335/W64 for ARM                  25/Nov/2022  16:15:13
# Copyright 2007-2022 IAR Systems AB.
#
#    Output file  =  C:\Embedded\week3\Debug\Exe\week3.out
#    Map file     =  C:\Embedded\week3\Debug\List\week3.map
#    Command line =
#        -f C:\Embedded\week3\Debug\Exe\week3.out.rsp
#        (C:\Embedded\week3\Debug\Obj\CoreSupport\core_cm3.o
#        C:\Embedded\week3\Debug\Obj\Libraries\LCD\lcd.o
#        C:\Embedded\week3\Debug\Obj\user\main.o
#        C:\Embedded\week3\Debug\Obj\Libraries\STM32F10x_StdPeriph_Driver_v3.5\src\misc.o
#        C:\Embedded\week3\Debug\Obj\Libraries\CMSIS\DeviceSupport\Startup\startup_stm32f10x_cl.o
#        C:\Embedded\week3\Debug\Obj\Libraries\STM32F10x_StdPeriph_Driver_v3.5\src\stm32f10x_adc.o
#        C:\Embedded\week3\Debug\Obj\Libraries\STM32F10x_StdPeriph_Driver_v3.5\src\stm32f10x_bkp.o
#        C:\Embedded\week3\Debug\Obj\Libraries\STM32F10x_StdPeriph_Driver_v3.5\src\stm32f10x_can.o
#        C:\Embedded\week3\Debug\Obj\Libraries\STM32F10x_StdPeriph_Driver_v3.5\src\stm32f10x_cec.o
#        C:\Embedded\week3\Debug\Obj\Libraries\STM32F10x_StdPeriph_Driver_v3.5\src\stm32f10x_crc.o
#        C:\Embedded\week3\Debug\Obj\Libraries\STM32F10x_StdPeriph_Driver_v3.5\src\stm32f10x_dac.o
#        C:\Embedded\week3\Debug\Obj\Libraries\STM32F10x_StdPeriph_Driver_v3.5\src\stm32f10x_dbgmcu.o
#        C:\Embedded\week3\Debug\Obj\Libraries\STM32F10x_StdPeriph_Driver_v3.5\src\stm32f10x_dma.o
#        C:\Embedded\week3\Debug\Obj\Libraries\STM32F10x_StdPeriph_Driver_v3.5\src\stm32f10x_exti.o
#        C:\Embedded\week3\Debug\Obj\Libraries\STM32F10x_StdPeriph_Driver_v3.5\src\stm32f10x_flash.o
#        C:\Embedded\week3\Debug\Obj\Libraries\STM32F10x_StdPeriph_Driver_v3.5\src\stm32f10x_fsmc.o
#        C:\Embedded\week3\Debug\Obj\Libraries\STM32F10x_StdPeriph_Driver_v3.5\src\stm32f10x_gpio.o
#        C:\Embedded\week3\Debug\Obj\Libraries\STM32F10x_StdPeriph_Driver_v3.5\src\stm32f10x_i2c.o
#        C:\Embedded\week3\Debug\Obj\user\stm32f10x_it.o
#        C:\Embedded\week3\Debug\Obj\Libraries\STM32F10x_StdPeriph_Driver_v3.5\src\stm32f10x_iwdg.o
#        C:\Embedded\week3\Debug\Obj\Libraries\STM32F10x_StdPeriph_Driver_v3.5\src\stm32f10x_pwr.o
#        C:\Embedded\week3\Debug\Obj\Libraries\STM32F10x_StdPeriph_Driver_v3.5\src\stm32f10x_rcc.o
#        C:\Embedded\week3\Debug\Obj\Libraries\STM32F10x_StdPeriph_Driver_v3.5\src\stm32f10x_rtc.o
#        C:\Embedded\week3\Debug\Obj\Libraries\STM32F10x_StdPeriph_Driver_v3.5\src\stm32f10x_sdio.o
#        C:\Embedded\week3\Debug\Obj\Libraries\STM32F10x_StdPeriph_Driver_v3.5\src\stm32f10x_spi.o
#        C:\Embedded\week3\Debug\Obj\Libraries\STM32F10x_StdPeriph_Driver_v3.5\src\stm32f10x_tim.o
#        C:\Embedded\week3\Debug\Obj\Libraries\STM32F10x_StdPeriph_Driver_v3.5\src\stm32f10x_usart.o
#        C:\Embedded\week3\Debug\Obj\Libraries\STM32F10x_StdPeriph_Driver_v3.5\src\stm32f10x_wwdg.o
#        C:\Embedded\week3\Debug\Obj\Libraries\CMSIS\DeviceSupport\system_stm32f10x.o
#        C:\Embedded\week3\Debug\Obj\Libraries\LCD\touch.o --no_out_extension
#        -o C:\Embedded\week3\Debug\Exe\week3.out --map
#        C:\Embedded\week3\Debug\List\week3.map --log
#        libraries,initialization,modules,redirects,sections,veneers,unused_fragments,call_graph
#        --log_file C:\Embedded\week3\Debug\List\week3.log --config
#        "C:\Users\user\Downloads\icf ÆÄÀÏ\myicf.icf" --semihosting --entry
#        __iar_program_start --vfe --text_out locale --cpu=Cortex-M3
#        --fpu=None)
#
###############################################################################

*******************************************************************************
*** RUNTIME MODEL ATTRIBUTES
***

CppFlavor       = *
__CPP_Runtime   = 1
__SystemLibrary = DLib
__dlib_version  = 6


*******************************************************************************
*** HEAP SELECTION
***

The basic heap was selected because --advanced_heap
was not specified and the application did not appear to
be primarily optimized for speed.


*******************************************************************************
*** PLACEMENT SUMMARY
***

"A0":  place at address 0x800'0000 { ro section .intvec };
"P1":  place in [from 0x800'0000 to 0x807'ffff] { ro };
define block CSTACK with size = 4K, alignment = 8 { };
define block HEAP with size = 4K, alignment = 8 { };
"P2":  place in [from 0x2000'0000 to 0x2000'7fff] {
          rw, block CSTACK, block HEAP };

  Section          Kind         Address    Size  Object
  -------          ----         -------    ----  ------
"A0":                                     0x150
  .intvec          ro code   0x800'0000   0x150  startup_stm32f10x_cl.o [3]
                           - 0x800'0150   0x150

"P1":                                    0x3358
  .text            ro code   0x800'0150   0xb38  lcd.o [4]
  .text            ro code   0x800'0c88   0x140  stm32f10x_gpio.o [5]
  .text            ro code   0x800'0dc8    0x40  stm32f10x_rcc.o [5]
  .text            ro code   0x800'0e08     0x8  abs.o [7]
  .text            ro code   0x800'0e10   0x6ec  touch.o [4]
  .text            ro code   0x800'14fc    0x1c  U32ToDbl.o [8]
  .text            ro code   0x800'1518    0xf2  sqrt.o [8]
  .text            ro code   0x800'160c    0x36  DblToS32.o [8]
  .text            ro code   0x800'1644    0x1a  U32ToFlt.o [8]
  .text            ro code   0x800'1660   0x118  FltDiv.o [8]
  .text            ro code   0x800'1778    0x28  FltCmpLe.o [8]
  .text            ro code   0x800'17a0    0x28  FltCmpGe.o [8]
  .text            ro code   0x800'17c8    0x24  S32ToFlt.o [8]
  .text            ro code   0x800'17ec    0xd8  FltMul.o [8]
  .text            ro code   0x800'18c4   0x162  FltAddSub.o [8]
  .text            ro code   0x800'1a28    0x26  FltToS32.o [8]
  .rodata          const     0x800'1a50   0x5f0  lcd.o [4]
  .rodata          const     0x800'2040   0x594  lcd.o [4]
  .rodata          const     0x800'25d4   0x474  lcd.o [4]
  .text            ro code   0x800'2a48   0x3b8  main.o [6]
  .text            ro code   0x800'2e00    0xb4  stm32f10x_exti.o [5]
  .text            ro code   0x800'2eb4    0x54  stm32f10x_dma.o [5]
  .text            ro code   0x800'2f08   0x1a0  stm32f10x_adc.o [5]
  .text            ro code   0x800'30a8    0x80  misc.o [5]
  .text            ro code   0x800'3128   0x150  system_stm32f10x.o [2]
  .text            ro code   0x800'3278    0x38  zero_init3.o [9]
  .text            ro code   0x800'32b0    0x28  data_init.o [9]
  .iar.init_table  const     0x800'32d8    0x10  - Linker created -
  .text            ro code   0x800'32e8    0x1e  cmain.o [9]
  .text            ro code   0x800'3306     0x4  low_level_init.o [7]
  .text            ro code   0x800'330a     0x4  exit.o [7]
  .text            ro code   0x800'3310     0xa  cexit.o [9]
  .text            ro code   0x800'331c    0x14  exit.o [10]
  .text            ro code   0x800'3330    0x1c  cstartup_M.o [9]
  .text            ro code   0x800'334c    0x12  stm32f10x_it.o [6]
  .text            ro code   0x800'3360    0x10  startup_stm32f10x_cl.o [3]
  .rodata          const     0x800'3370     0xc  main.o [6]
  .rodata          const     0x800'337c     0xc  main.o [6]
  .rodata          const     0x800'3388     0x8  main.o [6]
  .text            ro code   0x800'3390     0x4  startup_stm32f10x_cl.o [3]
  .text            ro code   0x800'3394     0x4  startup_stm32f10x_cl.o [3]
  .text            ro code   0x800'3398     0x4  startup_stm32f10x_cl.o [3]
  .text            ro code   0x800'339c     0x4  startup_stm32f10x_cl.o [3]
  .text            ro code   0x800'33a0     0x4  startup_stm32f10x_cl.o [3]
  .text            ro code   0x800'33a4     0x4  startup_stm32f10x_cl.o [3]
  .text            ro code   0x800'33a8     0x4  startup_stm32f10x_cl.o [3]
  .text            ro code   0x800'33ac     0x4  startup_stm32f10x_cl.o [3]
  .text            ro code   0x800'33b0     0x4  startup_stm32f10x_cl.o [3]
  .text            ro code   0x800'33b4     0x4  startup_stm32f10x_cl.o [3]
  .text            ro code   0x800'33b8     0x4  startup_stm32f10x_cl.o [3]
  .text            ro code   0x800'33bc     0x4  startup_stm32f10x_cl.o [3]
  .text            ro code   0x800'33c0     0x4  startup_stm32f10x_cl.o [3]
  .text            ro code   0x800'33c4     0x4  startup_stm32f10x_cl.o [3]
  .text            ro code   0x800'33c8     0x4  startup_stm32f10x_cl.o [3]
  .text            ro code   0x800'33cc     0x4  startup_stm32f10x_cl.o [3]
  .text            ro code   0x800'33d0     0x4  startup_stm32f10x_cl.o [3]
  .text            ro code   0x800'33d4     0x4  startup_stm32f10x_cl.o [3]
  .text            ro code   0x800'33d8     0x4  startup_stm32f10x_cl.o [3]
  .text            ro code   0x800'33dc     0x4  startup_stm32f10x_cl.o [3]
  .text            ro code   0x800'33e0     0x4  startup_stm32f10x_cl.o [3]
  .text            ro code   0x800'33e4     0x4  startup_stm32f10x_cl.o [3]
  .text            ro code   0x800'33e8     0x4  startup_stm32f10x_cl.o [3]
  .text            ro code   0x800'33ec     0x4  startup_stm32f10x_cl.o [3]
  .text            ro code   0x800'33f0     0x4  startup_stm32f10x_cl.o [3]
  .text            ro code   0x800'33f4     0x4  startup_stm32f10x_cl.o [3]
  .text            ro code   0x800'33f8     0x4  startup_stm32f10x_cl.o [3]
  .text            ro code   0x800'33fc     0x4  startup_stm32f10x_cl.o [3]
  .text            ro code   0x800'3400     0x4  startup_stm32f10x_cl.o [3]
  .text            ro code   0x800'3404     0x4  startup_stm32f10x_cl.o [3]
  .text            ro code   0x800'3408     0x4  startup_stm32f10x_cl.o [3]
  .text            ro code   0x800'340c     0x4  startup_stm32f10x_cl.o [3]
  .text            ro code   0x800'3410     0x4  startup_stm32f10x_cl.o [3]
  .text            ro code   0x800'3414     0x4  startup_stm32f10x_cl.o [3]
  .text            ro code   0x800'3418     0x4  startup_stm32f10x_cl.o [3]
  .text            ro code   0x800'341c     0x4  startup_stm32f10x_cl.o [3]
  .text            ro code   0x800'3420     0x4  startup_stm32f10x_cl.o [3]
  .text            ro code   0x800'3424     0x4  startup_stm32f10x_cl.o [3]
  .text            ro code   0x800'3428     0x4  startup_stm32f10x_cl.o [3]
  .text            ro code   0x800'342c     0x4  startup_stm32f10x_cl.o [3]
  .text            ro code   0x800'3430     0x4  startup_stm32f10x_cl.o [3]
  .text            ro code   0x800'3434     0x4  startup_stm32f10x_cl.o [3]
  .text            ro code   0x800'3438     0x4  startup_stm32f10x_cl.o [3]
  .text            ro code   0x800'343c     0x4  startup_stm32f10x_cl.o [3]
  .text            ro code   0x800'3440     0x4  startup_stm32f10x_cl.o [3]
  .text            ro code   0x800'3444     0x4  startup_stm32f10x_cl.o [3]
  .text            ro code   0x800'3448     0x4  startup_stm32f10x_cl.o [3]
  .text            ro code   0x800'344c     0x4  startup_stm32f10x_cl.o [3]
  .text            ro code   0x800'3450     0x4  startup_stm32f10x_cl.o [3]
  .text            ro code   0x800'3454     0x4  startup_stm32f10x_cl.o [3]
  .text            ro code   0x800'3458     0x4  startup_stm32f10x_cl.o [3]
  .text            ro code   0x800'345c     0x4  startup_stm32f10x_cl.o [3]
  .text            ro code   0x800'3460     0x4  startup_stm32f10x_cl.o [3]
  .text            ro code   0x800'3464     0x4  startup_stm32f10x_cl.o [3]
  .text            ro code   0x800'3468     0x4  startup_stm32f10x_cl.o [3]
  .text            ro code   0x800'346c     0x4  startup_stm32f10x_cl.o [3]
  .text            ro code   0x800'3470     0x4  startup_stm32f10x_cl.o [3]
  .text            ro code   0x800'3474     0x4  startup_stm32f10x_cl.o [3]
  .text            ro code   0x800'3478     0x4  startup_stm32f10x_cl.o [3]
  .text            ro code   0x800'347c     0x4  startup_stm32f10x_cl.o [3]
  .text            ro code   0x800'3480     0x4  startup_stm32f10x_cl.o [3]
  .text            ro code   0x800'3484     0x4  startup_stm32f10x_cl.o [3]
  .text            ro code   0x800'3488     0x4  startup_stm32f10x_cl.o [3]
  .text            ro code   0x800'348c     0x4  startup_stm32f10x_cl.o [3]
  .text            ro code   0x800'3490     0x4  startup_stm32f10x_cl.o [3]
  .text            ro code   0x800'3494     0x4  startup_stm32f10x_cl.o [3]
  .text            ro code   0x800'3498     0x4  startup_stm32f10x_cl.o [3]
  .text            ro code   0x800'349c     0x4  startup_stm32f10x_cl.o [3]
  .text            ro code   0x800'34a0     0x4  startup_stm32f10x_cl.o [3]
  .text            ro code   0x800'34a4     0x4  startup_stm32f10x_cl.o [3]
  .rodata          const     0x800'34a8     0x0  zero_init3.o [9]
                           - 0x800'34a8  0x3358

"P2", part 1 of 2:                         0x20
  .bss             zero     0x2000'0000     0x8  main.o [6]
  .bss             zero     0x2000'0008     0x4  main.o [6]
  .bss             zero     0x2000'000c     0x4  main.o [6]
  .bss             zero     0x2000'0010     0x4  touch.o [4]
  .bss             zero     0x2000'0014     0x4  touch.o [4]
  .bss             zero     0x2000'0018     0x2  lcd.o [4]
  .bss             zero     0x2000'001a     0x2  touch.o [4]
  .bss             zero     0x2000'001c     0x2  touch.o [4]
                          - 0x2000'001e    0x1e

"P2", part 2 of 2:                       0x1000
  CSTACK                    0x2000'0020  0x1000  <Block>
    CSTACK         uninit   0x2000'0020  0x1000  <Block tail>
                          - 0x2000'1020  0x1000

Unused ranges:

         From           To      Size
         ----           --      ----
   0x800'34a8   0x807'ffff  0x7'cb58
  0x2000'1020  0x2000'7fff    0x6fe0


*******************************************************************************
*** INIT TABLE
***

          Address      Size
          -------      ----
Zero (__iar_zero_init3)
    1 destination range, total size 0x1e:
          0x2000'0000  0x1e



*******************************************************************************
*** MODULE SUMMARY
***

    Module                  ro code  ro data  rw data
    ------                  -------  -------  -------
command line/config:
    -------------------------------------------------
    Total:

C:\Embedded\week3\Debug\Obj\CoreSupport: [1]
    -------------------------------------------------
    Total:

C:\Embedded\week3\Debug\Obj\Libraries\CMSIS\DeviceSupport: [2]
    system_stm32f10x.o          336
    -------------------------------------------------
    Total:                      336

C:\Embedded\week3\Debug\Obj\Libraries\CMSIS\DeviceSupport\Startup: [3]
    startup_stm32f10x_cl.o      632
    -------------------------------------------------
    Total:                      632

C:\Embedded\week3\Debug\Obj\Libraries\LCD: [4]
    lcd.o                     2'872    4'088        2
    touch.o                   1'772                12
    -------------------------------------------------
    Total:                    4'644    4'088       14

C:\Embedded\week3\Debug\Obj\Libraries\STM32F10x_StdPeriph_Driver_v3.5\src: [5]
    misc.o                      128
    stm32f10x_adc.o             416
    stm32f10x_dma.o              84
    stm32f10x_exti.o            180
    stm32f10x_gpio.o            320
    stm32f10x_rcc.o              64
    -------------------------------------------------
    Total:                    1'192

C:\Embedded\week3\Debug\Obj\user: [6]
    main.o                      952       32       16
    stm32f10x_it.o               18
    -------------------------------------------------
    Total:                      970       32       16

dl7M_tln.a: [7]
    abs.o                         8
    exit.o                        4
    low_level_init.o              4
    -------------------------------------------------
    Total:                       16

m7M_tl.a: [8]
    DblToS32.o                   54
    FltAddSub.o                 354
    FltCmpGe.o                   40
    FltCmpLe.o                   40
    FltDiv.o                    280
    FltMul.o                    216
    FltToS32.o                   38
    S32ToFlt.o                   36
    U32ToDbl.o                   28
    U32ToFlt.o                   26
    sqrt.o                      242
    -------------------------------------------------
    Total:                    1'354

rt7M_tl.a: [9]
    cexit.o                      10
    cmain.o                      30
    cstartup_M.o                 28
    data_init.o                  40
    zero_init3.o                 56
    -------------------------------------------------
    Total:                      164

shb_l.a: [10]
    exit.o                       20
    -------------------------------------------------
    Total:                       20

    Gaps                         14        2
    Linker created                        16    4'096
-----------------------------------------------------
    Grand Total:              9'342    4'138    4'126


*******************************************************************************
*** ENTRY LIST
***

Entry                       Address   Size  Type      Object
-----                       -------   ----  ----      ------
.iar.init_table$$Base    0x800'32d8          --   Gb  - Linker created -
.iar.init_table$$Limit   0x800'32e8          --   Gb  - Linker created -
?main                    0x800'32e9         Code  Gb  cmain.o [9]
ADC1_2_IRQHandler        0x800'33fd         Code  Wk  startup_stm32f10x_cl.o [3]
ADC_Cmd                  0x800'2f53   0x1a  Code  Gb  stm32f10x_adc.o [5]
ADC_Configure            0x800'2bb1   0x76  Code  Gb  main.o [6]
ADC_DMACmd               0x800'2f6d   0x1a  Code  Gb  stm32f10x_adc.o [5]
ADC_GetCalibrationStatus
                         0x800'2fad   0x12  Code  Gb  stm32f10x_adc.o [5]
ADC_GetResetCalibrationStatus
                         0x800'2f91   0x12  Code  Gb  stm32f10x_adc.o [5]
ADC_Init                 0x800'2f09   0x4a  Code  Gb  stm32f10x_adc.o [5]
ADC_RegularChannelConfig
                         0x800'2fd9   0xc6  Code  Gb  stm32f10x_adc.o [5]
ADC_ResetCalibration     0x800'2f87    0xa  Code  Gb  stm32f10x_adc.o [5]
ADC_SoftwareStartConvCmd
                         0x800'2fbf   0x1a  Code  Gb  stm32f10x_adc.o [5]
ADC_StartCalibration     0x800'2fa3    0xa  Code  Gb  stm32f10x_adc.o [5]
ADC_Value               0x2000'0000    0x8  Data  Gb  main.o [6]
ADS_Read_AD              0x800'0e61   0x76  Code  Gb  touch.o [4]
ADS_Read_XY              0x800'0ed7   0xa4  Code  Gb  touch.o [4]
ADS_Write_Byte           0x800'0e11   0x4e  Code  Gb  touch.o [4]
BusFault_Handler         0x800'3353    0x2  Code  Gb  stm32f10x_it.o [6]
CAN1_RX0_IRQHandler      0x800'3405         Code  Wk  startup_stm32f10x_cl.o [3]
CAN1_RX1_IRQHandler      0x800'3409         Code  Wk  startup_stm32f10x_cl.o [3]
CAN1_SCE_IRQHandler      0x800'340d         Code  Wk  startup_stm32f10x_cl.o [3]
CAN1_TX_IRQHandler       0x800'3401         Code  Wk  startup_stm32f10x_cl.o [3]
CAN2_RX0_IRQHandler      0x800'3499         Code  Wk  startup_stm32f10x_cl.o [3]
CAN2_RX1_IRQHandler      0x800'349d         Code  Wk  startup_stm32f10x_cl.o [3]
CAN2_SCE_IRQHandler      0x800'34a1         Code  Wk  startup_stm32f10x_cl.o [3]
CAN2_TX_IRQHandler       0x800'3495         Code  Wk  startup_stm32f10x_cl.o [3]
CSTACK$$Base            0x2000'0020          --   Gb  - Linker created -
CSTACK$$Limit           0x2000'1020          --   Gb  - Linker created -
DMA1_Channel1_IRQHandler
                         0x800'33e1         Code  Wk  startup_stm32f10x_cl.o [3]
DMA1_Channel2_IRQHandler
                         0x800'33e5         Code  Wk  startup_stm32f10x_cl.o [3]
DMA1_Channel3_IRQHandler
                         0x800'33e9         Code  Wk  startup_stm32f10x_cl.o [3]
DMA1_Channel4_IRQHandler
                         0x800'33ed         Code  Wk  startup_stm32f10x_cl.o [3]
DMA1_Channel5_IRQHandler
                         0x800'33f1         Code  Wk  startup_stm32f10x_cl.o [3]
DMA1_Channel6_IRQHandler
                         0x800'33f5         Code  Wk  startup_stm32f10x_cl.o [3]
DMA1_Channel7_IRQHandler
                         0x800'33f9         Code  Wk  startup_stm32f10x_cl.o [3]
DMA2_Channel1_IRQHandler
                         0x800'3479         Code  Wk  startup_stm32f10x_cl.o [3]
DMA2_Channel2_IRQHandler
                         0x800'347d         Code  Wk  startup_stm32f10x_cl.o [3]
DMA2_Channel3_IRQHandler
                         0x800'3481         Code  Wk  startup_stm32f10x_cl.o [3]
DMA2_Channel4_IRQHandler
                         0x800'3485         Code  Wk  startup_stm32f10x_cl.o [3]
DMA2_Channel5_IRQHandler
                         0x800'3489         Code  Wk  startup_stm32f10x_cl.o [3]
DMA_Cmd                  0x800'2eed   0x1c  Code  Gb  stm32f10x_dma.o [5]
DMA_Configure            0x800'2b63   0x4e  Code  Gb  main.o [6]
DMA_Init                 0x800'2eb5   0x38  Code  Gb  stm32f10x_dma.o [5]
DebugMon_Handler         0x800'3359    0x2  Code  Gb  stm32f10x_it.o [6]
DeviceCode              0x2000'0018    0x2  Data  Gb  lcd.o [4]
Drow_Touch_Point         0x800'1183   0x68  Code  Gb  touch.o [4]
ETH_IRQHandler           0x800'348d         Code  Wk  startup_stm32f10x_cl.o [3]
ETH_WKUP_IRQHandler      0x800'3491         Code  Wk  startup_stm32f10x_cl.o [3]
EXTI0_IRQHandler         0x800'33cd         Code  Wk  startup_stm32f10x_cl.o [3]
EXTI15_10_IRQHandler     0x800'2c9d   0x38  Code  Gb  main.o [6]
EXTI1_IRQHandler         0x800'2c6f   0x2e  Code  Gb  main.o [6]
EXTI2_IRQHandler         0x800'33d5         Code  Wk  startup_stm32f10x_cl.o [3]
EXTI3_IRQHandler         0x800'33d9         Code  Wk  startup_stm32f10x_cl.o [3]
EXTI4_IRQHandler         0x800'33dd         Code  Wk  startup_stm32f10x_cl.o [3]
EXTI9_5_IRQHandler       0x800'3411         Code  Wk  startup_stm32f10x_cl.o [3]
EXTI_ClearITPendingBit   0x800'2e99    0x6  Code  Gb  stm32f10x_exti.o [5]
EXTI_Configure           0x800'2b15   0x4e  Code  Gb  main.o [6]
EXTI_GetITStatus         0x800'2e79   0x20  Code  Gb  stm32f10x_exti.o [5]
EXTI_Init                0x800'2e01   0x78  Code  Gb  stm32f10x_exti.o [5]
FLASH_IRQHandler         0x800'33c5         Code  Wk  startup_stm32f10x_cl.o [3]
GBHZ_16                  0x800'2040  0x594  Data  Gb  lcd.o [4]
GPIO_EXTILineConfig      0x800'0d77   0x4c  Code  Gb  stm32f10x_gpio.o [5]
GPIO_Init                0x800'0c89   0xc2  Code  Gb  stm32f10x_gpio.o [5]
GPIO_ReadInputData       0x800'0d5f    0x6  Code  Gb  stm32f10x_gpio.o [5]
GPIO_ReadInputDataBit    0x800'0d4b   0x14  Code  Gb  stm32f10x_gpio.o [5]
GPIO_ResetBits           0x800'0d6b    0x6  Code  Gb  stm32f10x_gpio.o [5]
GPIO_SetBits             0x800'0d65    0x6  Code  Gb  stm32f10x_gpio.o [5]
GPIO_Write               0x800'0d71    0x6  Code  Gb  stm32f10x_gpio.o [5]
GpioInit                 0x800'2a87   0x8e  Code  Gb  main.o [6]
HardFault_Handler        0x800'334f    0x2  Code  Gb  stm32f10x_it.o [6]
I2C1_ER_IRQHandler       0x800'3435         Code  Wk  startup_stm32f10x_cl.o [3]
I2C1_EV_IRQHandler       0x800'3431         Code  Wk  startup_stm32f10x_cl.o [3]
I2C2_ER_IRQHandler       0x800'343d         Code  Wk  startup_stm32f10x_cl.o [3]
I2C2_EV_IRQHandler       0x800'3439         Code  Wk  startup_stm32f10x_cl.o [3]
LCD_Clear                0x800'0679   0x28  Code  Gb  lcd.o [4]
LCD_Configuration        0x800'0291   0x74  Code  Lc  lcd.o [4]
LCD_Delay                0x800'0305   0x26  Code  Lc  lcd.o [4]
LCD_DrawLine             0x800'0737  0x110  Code  Gb  lcd.o [4]
LCD_DrawPoint            0x800'071f   0x18  Code  Gb  lcd.o [4]
LCD_Init                 0x800'0343  0x336  Code  Gb  lcd.o [4]
LCD_ReadReg              0x800'01e1   0x88  Code  Lc  lcd.o [4]
LCD_SetCursor            0x800'06a1   0x3e  Code  Gb  lcd.o [4]
LCD_ShowChar             0x800'0847   0xfc  Code  Gb  lcd.o [4]
LCD_ShowCharString       0x800'0943   0x58  Code  Gb  lcd.o [4]
LCD_ShowHzString         0x800'0c09   0x62  Code  Gb  lcd.o [4]
LCD_ShowNum              0x800'099b   0xec  Code  Gb  lcd.o [4]
LCD_ShowString           0x800'0a87   0x5e  Code  Gb  lcd.o [4]
LCD_WR_DATA              0x800'0199   0x48  Code  Lc  lcd.o [4]
LCD_WR_REG               0x800'0151   0x48  Code  Lc  lcd.o [4]
LCD_WindowMax            0x800'06df   0x40  Code  Gb  lcd.o [4]
LCD_WriteRAM             0x800'0287    0xa  Code  Lc  lcd.o [4]
LCD_WriteRAM_Prepare     0x800'027d    0xa  Code  Lc  lcd.o [4]
LCD_WriteReg             0x800'0269   0x14  Code  Lc  lcd.o [4]
MemManage_Handler        0x800'3351    0x2  Code  Gb  stm32f10x_it.o [6]
NMI_Handler              0x800'334d    0x2  Code  Gb  stm32f10x_it.o [6]
NVIC_Configure           0x800'2c27   0x48  Code  Gb  main.o [6]
NVIC_Init                0x800'30b3   0x60  Code  Gb  misc.o [5]
NVIC_PriorityGroupConfig
                         0x800'30a9    0xa  Code  Gb  misc.o [5]
OTG_FS_IRQHandler        0x800'34a5         Code  Wk  startup_stm32f10x_cl.o [3]
OTG_FS_WKUP_IRQHandler   0x800'345d         Code  Wk  startup_stm32f10x_cl.o [3]
PVD_IRQHandler           0x800'33b9         Code  Wk  startup_stm32f10x_cl.o [3]
PendSV_Handler           0x800'335b    0x2  Code  Gb  stm32f10x_it.o [6]
RCCInit                  0x800'2a49   0x3e  Code  Gb  main.o [6]
RCC_AHBPeriphClockCmd    0x800'0dc9   0x1c  Code  Gb  stm32f10x_rcc.o [5]
RCC_APB2PeriphClockCmd   0x800'0de5   0x1c  Code  Gb  stm32f10x_rcc.o [5]
RCC_IRQHandler           0x800'33c9         Code  Wk  startup_stm32f10x_cl.o [3]
RTCAlarm_IRQHandler      0x800'3459         Code  Wk  startup_stm32f10x_cl.o [3]
RTC_IRQHandler           0x800'33c1         Code  Wk  startup_stm32f10x_cl.o [3]
Read_ADSX                0x800'0f7b   0x1c  Code  Gb  touch.o [4]
Read_ADSY                0x800'0f97   0x1c  Code  Gb  touch.o [4]
Refreshes_Screen         0x800'11eb    0xc  Code  Gb  touch.o [4]
Region$$Table$$Base      0x800'32d8          --   Gb  - Linker created -
Region$$Table$$Limit     0x800'32e8          --   Gb  - Linker created -
Reset_Handler            0x800'3361         Code  Wk  startup_stm32f10x_cl.o [3]
SPI1_IRQHandler          0x800'3441         Code  Wk  startup_stm32f10x_cl.o [3]
SPI2_IRQHandler          0x800'3445         Code  Wk  startup_stm32f10x_cl.o [3]
SPI3_IRQHandler          0x800'3465         Code  Wk  startup_stm32f10x_cl.o [3]
SVC_Handler              0x800'3357    0x2  Code  Gb  stm32f10x_it.o [6]
SetSysClock              0x800'317b    0x8  Code  Lc  system_stm32f10x.o [2]
SetSysClockTo72          0x800'3183   0xd2  Code  Lc  system_stm32f10x.o [2]
SysTick_Handler          0x800'335d    0x2  Code  Gb  stm32f10x_it.o [6]
SystemInit               0x800'3129   0x52  Code  Gb  system_stm32f10x.o [2]
TAMPER_IRQHandler        0x800'33bd         Code  Wk  startup_stm32f10x_cl.o [3]
TIM1_BRK_IRQHandler      0x800'3415         Code  Wk  startup_stm32f10x_cl.o [3]
TIM1_CC_IRQHandler       0x800'3421         Code  Wk  startup_stm32f10x_cl.o [3]
TIM1_TRG_COM_IRQHandler
                         0x800'341d         Code  Wk  startup_stm32f10x_cl.o [3]
TIM1_UP_IRQHandler       0x800'3419         Code  Wk  startup_stm32f10x_cl.o [3]
TIM2_IRQHandler          0x800'3425         Code  Wk  startup_stm32f10x_cl.o [3]
TIM3_IRQHandler          0x800'3429         Code  Wk  startup_stm32f10x_cl.o [3]
TIM4_IRQHandler          0x800'342d         Code  Wk  startup_stm32f10x_cl.o [3]
TIM5_IRQHandler          0x800'3461         Code  Wk  startup_stm32f10x_cl.o [3]
TIM6_IRQHandler          0x800'3471         Code  Wk  startup_stm32f10x_cl.o [3]
TIM7_IRQHandler          0x800'3475         Code  Wk  startup_stm32f10x_cl.o [3]
Touch_Adjust             0x800'11f7  0x2ce  Code  Gb  touch.o [4]
Touch_Configuration      0x800'1133   0x50  Code  Gb  touch.o [4]
Touch_GetXY              0x800'10f3   0x40  Code  Gb  touch.o [4]
Touch_GexX               0x800'0fb3   0xa0  Code  Gb  touch.o [4]
Touch_GexY               0x800'1053   0xa0  Code  Gb  touch.o [4]
UART4_IRQHandler         0x800'3469         Code  Wk  startup_stm32f10x_cl.o [3]
UART5_IRQHandler         0x800'346d         Code  Wk  startup_stm32f10x_cl.o [3]
USART1_IRQHandler        0x800'3449         Code  Wk  startup_stm32f10x_cl.o [3]
USART2_IRQHandler        0x800'344d         Code  Wk  startup_stm32f10x_cl.o [3]
USART3_IRQHandler        0x800'3451         Code  Wk  startup_stm32f10x_cl.o [3]
UsageFault_Handler       0x800'3355    0x2  Code  Gb  stm32f10x_it.o [6]
WWDG_IRQHandler          0x800'33b5         Code  Wk  startup_stm32f10x_cl.o [3]
WriteOneHz               0x800'0b29   0xe0  Code  Lc  lcd.o [4]
__aeabi_cfcmple          0x800'1779         Code  Gb  FltCmpLe.o [8]
__aeabi_cfrcmple         0x800'17a1         Code  Gb  FltCmpGe.o [8]
__aeabi_d2iz             0x800'160d         Code  Gb  DblToS32.o [8]
__aeabi_f2iz             0x800'1a29         Code  Gb  FltToS32.o [8]
__aeabi_fdiv             0x800'1661         Code  Gb  FltDiv.o [8]
__aeabi_fmul             0x800'17ed         Code  Gb  FltMul.o [8]
__aeabi_fsub             0x800'1999         Code  Gb  FltAddSub.o [8]
__aeabi_i2f              0x800'17c9         Code  Gb  S32ToFlt.o [8]
__aeabi_ui2d             0x800'14fd         Code  Gb  U32ToDbl.o [8]
__aeabi_ui2f             0x800'1645         Code  Gb  U32ToFlt.o [8]
__cmain                  0x800'32e9         Code  Gb  cmain.o [9]
__exit                   0x800'331d   0x14  Code  Gb  exit.o [10]
__iar_data_init3         0x800'32b1   0x28  Code  Gb  data_init.o [9]
__iar_program_start      0x800'3331         Code  Gb  cstartup_M.o [9]
__iar_sqrt64             0x800'1519         Code  Gb  sqrt.o [8]
__iar_zero_init3         0x800'3279   0x38  Code  Gb  zero_init3.o [9]
__low_level_init         0x800'3307    0x4  Code  Gb  low_level_init.o [7]
__vector_table           0x800'0000         Data  Gb  startup_stm32f10x_cl.o [3]
_call_main               0x800'32f5         Code  Gb  cmain.o [9]
_exit                    0x800'3311         Code  Gb  cexit.o [9]
abs                      0x800'0e09    0x8  Code  Wk  abs.o [7]
asc2_1206                0x800'25d4  0x474  Data  Gb  lcd.o [4]
asc2_1608                0x800'1a50  0x5f0  Data  Gb  lcd.o [4]
btnFlag                 0x2000'000c    0x4  Data  Gb  main.o [6]
exit                     0x800'330b    0x4  Code  Gb  exit.o [7]
findHzIndex              0x800'0ae5   0x44  Code  Lc  lcd.o [4]
main                     0x800'2cd5   0xf2  Code  Gb  main.o [6]
mypow                    0x800'032b   0x18  Code  Lc  lcd.o [4]
sensorFlag              0x2000'0008    0x4  Data  Gb  main.o [6]
sqrt                     0x800'1519         Code  Gb  sqrt.o [8]
sqrtl                    0x800'1519         Code  Gb  sqrt.o [8]
xfac                    0x2000'0010    0x4  Data  Gb  touch.o [4]
xoff                    0x2000'001a    0x2  Data  Gb  touch.o [4]
yfac                    0x2000'0014    0x4  Data  Gb  touch.o [4]
yoff                    0x2000'001c    0x2  Data  Gb  touch.o [4]


[1] = C:\Embedded\week3\Debug\Obj\CoreSupport
[2] = C:\Embedded\week3\Debug\Obj\Libraries\CMSIS\DeviceSupport
[3] = C:\Embedded\week3\Debug\Obj\Libraries\CMSIS\DeviceSupport\Startup
[4] = C:\Embedded\week3\Debug\Obj\Libraries\LCD
[5] = C:\Embedded\week3\Debug\Obj\Libraries\STM32F10x_StdPeriph_Driver_v3.5\src
[6] = C:\Embedded\week3\Debug\Obj\user
[7] = dl7M_tln.a
[8] = m7M_tl.a
[9] = rt7M_tl.a
[10] = shb_l.a

  9'342 bytes of readonly  code memory
  4'138 bytes of readonly  data memory
  4'126 bytes of readwrite data memory

Errors: none
Warnings: none
