###############################################################################
#
# IAR ELF Linker V9.30.1.335/W64 for ARM                  08/Dec/2022  21:21:34
# Copyright 2007-2022 IAR Systems AB.
#
#    Output file  =  C:\Embedded\week3\Debug\Exe\week3.out
#    Map file     =  C:\Embedded\week3\Debug\List\week3.map
#    Command line =
#        -f C:\Embedded\week3\Debug\Exe\week3.out.rsp
#        (C:\Embedded\week3\Debug\Obj\CoreSupport\core_cm3.o
#        C:\Embedded\week3\Debug\Obj\Libraries\LCD\lcd.o
#        C:\Embedded\week3\Debug\Obj\user\main.o
#        C:\Embedded\week3\Debug\Obj\Libraries\STM32F10x_StdPeriph_Driver_v3.5\src\misc.o
#        C:\Embedded\week3\Debug\Obj\Libraries\CMSIS\DeviceSupport\Startup\startup_stm32f10x_cl.o
#        C:\Embedded\week3\Debug\Obj\Libraries\STM32F10x_StdPeriph_Driver_v3.5\src\stm32f10x_adc.o
#        C:\Embedded\week3\Debug\Obj\Libraries\STM32F10x_StdPeriph_Driver_v3.5\src\stm32f10x_bkp.o
#        C:\Embedded\week3\Debug\Obj\Libraries\STM32F10x_StdPeriph_Driver_v3.5\src\stm32f10x_can.o
#        C:\Embedded\week3\Debug\Obj\Libraries\STM32F10x_StdPeriph_Driver_v3.5\src\stm32f10x_cec.o
#        C:\Embedded\week3\Debug\Obj\Libraries\STM32F10x_StdPeriph_Driver_v3.5\src\stm32f10x_crc.o
#        C:\Embedded\week3\Debug\Obj\Libraries\STM32F10x_StdPeriph_Driver_v3.5\src\stm32f10x_dac.o
#        C:\Embedded\week3\Debug\Obj\Libraries\STM32F10x_StdPeriph_Driver_v3.5\src\stm32f10x_dbgmcu.o
#        C:\Embedded\week3\Debug\Obj\Libraries\STM32F10x_StdPeriph_Driver_v3.5\src\stm32f10x_dma.o
#        C:\Embedded\week3\Debug\Obj\Libraries\STM32F10x_StdPeriph_Driver_v3.5\src\stm32f10x_exti.o
#        C:\Embedded\week3\Debug\Obj\Libraries\STM32F10x_StdPeriph_Driver_v3.5\src\stm32f10x_flash.o
#        C:\Embedded\week3\Debug\Obj\Libraries\STM32F10x_StdPeriph_Driver_v3.5\src\stm32f10x_fsmc.o
#        C:\Embedded\week3\Debug\Obj\Libraries\STM32F10x_StdPeriph_Driver_v3.5\src\stm32f10x_gpio.o
#        C:\Embedded\week3\Debug\Obj\Libraries\STM32F10x_StdPeriph_Driver_v3.5\src\stm32f10x_i2c.o
#        C:\Embedded\week3\Debug\Obj\user\stm32f10x_it.o
#        C:\Embedded\week3\Debug\Obj\Libraries\STM32F10x_StdPeriph_Driver_v3.5\src\stm32f10x_iwdg.o
#        C:\Embedded\week3\Debug\Obj\Libraries\STM32F10x_StdPeriph_Driver_v3.5\src\stm32f10x_pwr.o
#        C:\Embedded\week3\Debug\Obj\Libraries\STM32F10x_StdPeriph_Driver_v3.5\src\stm32f10x_rcc.o
#        C:\Embedded\week3\Debug\Obj\Libraries\STM32F10x_StdPeriph_Driver_v3.5\src\stm32f10x_rtc.o
#        C:\Embedded\week3\Debug\Obj\Libraries\STM32F10x_StdPeriph_Driver_v3.5\src\stm32f10x_sdio.o
#        C:\Embedded\week3\Debug\Obj\Libraries\STM32F10x_StdPeriph_Driver_v3.5\src\stm32f10x_spi.o
#        C:\Embedded\week3\Debug\Obj\Libraries\STM32F10x_StdPeriph_Driver_v3.5\src\stm32f10x_tim.o
#        C:\Embedded\week3\Debug\Obj\Libraries\STM32F10x_StdPeriph_Driver_v3.5\src\stm32f10x_usart.o
#        C:\Embedded\week3\Debug\Obj\Libraries\STM32F10x_StdPeriph_Driver_v3.5\src\stm32f10x_wwdg.o
#        C:\Embedded\week3\Debug\Obj\Libraries\CMSIS\DeviceSupport\system_stm32f10x.o
#        C:\Embedded\week3\Debug\Obj\Libraries\LCD\touch.o --no_out_extension
#        -o C:\Embedded\week3\Debug\Exe\week3.out --map
#        C:\Embedded\week3\Debug\List\week3.map --log
#        libraries,initialization,modules,redirects,sections,veneers,unused_fragments,call_graph
#        --log_file C:\Embedded\week3\Debug\List\week3.log --config
#        "C:\Users\user\Downloads\icf ÆÄÀÏ\myicf.icf" --semihosting --entry
#        __iar_program_start --vfe --text_out locale --cpu=Cortex-M3
#        --fpu=None)
#
###############################################################################

*******************************************************************************
*** RUNTIME MODEL ATTRIBUTES
***

CppFlavor       = *
__CPP_Runtime   = 1
__SystemLibrary = DLib
__dlib_version  = 6


*******************************************************************************
*** HEAP SELECTION
***

The basic heap was selected because --advanced_heap
was not specified and the application did not appear to
be primarily optimized for speed.


*******************************************************************************
*** PLACEMENT SUMMARY
***

"A0":  place at address 0x800'0000 { ro section .intvec };
"P1":  place in [from 0x800'0000 to 0x807'ffff] { ro };
define block CSTACK with size = 4K, alignment = 8 { };
define block HEAP with size = 4K, alignment = 8 { };
"P2":  place in [from 0x2000'0000 to 0x2000'7fff] {
          rw, block CSTACK, block HEAP };
initialize by copy { rw };

  Section            Kind         Address    Size  Object
  -------            ----         -------    ----  ------
"A0":                                       0x150
  .intvec            ro code   0x800'0000   0x150  startup_stm32f10x_cl.o [3]
                             - 0x800'0150   0x150

"P1":                                      0x39c1
  .text              ro code   0x800'0150   0x8ec  lcd.o [4]
  .text              ro code   0x800'0a3c   0x140  stm32f10x_gpio.o [5]
  .text              ro code   0x800'0b7c   0x16c  stm32f10x_rcc.o [5]
  .text              ro code   0x800'0ce8     0x8  abs.o [7]
  .text              ro code   0x800'0cf0   0x6ec  touch.o [4]
  .text              ro code   0x800'13dc    0x1c  U32ToDbl.o [8]
  .text              ro code   0x800'13f8    0xf2  sqrt.o [8]
  .text              ro code   0x800'14ea    0x3a  packbits_init_single.o [9]
  .text              ro code   0x800'1524    0x36  DblToS32.o [8]
  .text              ro code   0x800'155c    0x1a  U32ToFlt.o [8]
  .text              ro code   0x800'1578   0x118  FltDiv.o [8]
  .text              ro code   0x800'1690    0x28  FltCmpLe.o [8]
  .text              ro code   0x800'16b8    0x28  FltCmpGe.o [8]
  .text              ro code   0x800'16e0    0x24  S32ToFlt.o [8]
  .text              ro code   0x800'1704    0xd8  FltMul.o [8]
  .text              ro code   0x800'17dc   0x162  FltAddSub.o [8]
  .text              ro code   0x800'1940    0x26  FltToS32.o [8]
  .text              ro code   0x800'1968   0x6b4  main.o [6]
  .text              ro code   0x800'201c    0xb4  stm32f10x_exti.o [5]
  .text              ro code   0x800'20d0    0x54  stm32f10x_dma.o [5]
  .text              ro code   0x800'2124   0x1a0  stm32f10x_adc.o [5]
  .text              ro code   0x800'22c4    0x80  misc.o [5]
  .text              ro code   0x800'2344   0x190  stm32f10x_tim.o [5]
  .text              ro code   0x800'24d4   0x1a6  stm32f10x_usart.o [5]
  .text              ro code   0x800'267c   0x150  system_stm32f10x.o [2]
  .text              ro code   0x800'27cc   0x1aa  DblMul.o [8]
  .text              ro code   0x800'2978   0x246  DblDiv.o [8]
  .text              ro code   0x800'2bc0    0x68  DblToFlt.o [8]
  .text              ro code   0x800'2c28    0x48  FltToDbl.o [8]
  .text              ro code   0x800'2c70   0x24e  DblAddSub.o [8]
  .rodata            const     0x800'2ec0   0x5f0  lcd.o [4]
  .rodata            const     0x800'34b0   0x474  lcd.o [4]
  .text              ro code   0x800'3924    0x28  data_init.o [9]
  .iar.init_table    const     0x800'394c    0x10  - Linker created -
  .text              ro code   0x800'395c    0x1e  cmain.o [9]
  .text              ro code   0x800'397a     0x4  low_level_init.o [7]
  .text              ro code   0x800'397e     0x4  exit.o [7]
  .text              ro code   0x800'3984     0xa  cexit.o [9]
  .text              ro code   0x800'3990    0x14  exit.o [10]
  .text              ro code   0x800'39a4    0x1c  cstartup_M.o [9]
  .text              ro code   0x800'39c0    0x12  stm32f10x_it.o [6]
  .text              ro code   0x800'39d4    0x10  startup_stm32f10x_cl.o [3]
  .text              ro code   0x800'39e4     0x4  startup_stm32f10x_cl.o [3]
  .text              ro code   0x800'39e8     0x4  startup_stm32f10x_cl.o [3]
  .text              ro code   0x800'39ec     0x4  startup_stm32f10x_cl.o [3]
  .text              ro code   0x800'39f0     0x4  startup_stm32f10x_cl.o [3]
  .text              ro code   0x800'39f4     0x4  startup_stm32f10x_cl.o [3]
  .text              ro code   0x800'39f8     0x4  startup_stm32f10x_cl.o [3]
  .text              ro code   0x800'39fc     0x4  startup_stm32f10x_cl.o [3]
  .text              ro code   0x800'3a00     0x4  startup_stm32f10x_cl.o [3]
  .text              ro code   0x800'3a04     0x4  startup_stm32f10x_cl.o [3]
  .text              ro code   0x800'3a08     0x4  startup_stm32f10x_cl.o [3]
  .text              ro code   0x800'3a0c     0x4  startup_stm32f10x_cl.o [3]
  .text              ro code   0x800'3a10     0x4  startup_stm32f10x_cl.o [3]
  .text              ro code   0x800'3a14     0x4  startup_stm32f10x_cl.o [3]
  .text              ro code   0x800'3a18     0x4  startup_stm32f10x_cl.o [3]
  .text              ro code   0x800'3a1c     0x4  startup_stm32f10x_cl.o [3]
  .text              ro code   0x800'3a20     0x4  startup_stm32f10x_cl.o [3]
  .text              ro code   0x800'3a24     0x4  startup_stm32f10x_cl.o [3]
  .text              ro code   0x800'3a28     0x4  startup_stm32f10x_cl.o [3]
  .text              ro code   0x800'3a2c     0x4  startup_stm32f10x_cl.o [3]
  .text              ro code   0x800'3a30     0x4  startup_stm32f10x_cl.o [3]
  .text              ro code   0x800'3a34     0x4  startup_stm32f10x_cl.o [3]
  .text              ro code   0x800'3a38     0x4  startup_stm32f10x_cl.o [3]
  .text              ro code   0x800'3a3c     0x4  startup_stm32f10x_cl.o [3]
  .text              ro code   0x800'3a40     0x4  startup_stm32f10x_cl.o [3]
  .text              ro code   0x800'3a44     0x4  startup_stm32f10x_cl.o [3]
  .text              ro code   0x800'3a48     0x4  startup_stm32f10x_cl.o [3]
  .text              ro code   0x800'3a4c     0x4  startup_stm32f10x_cl.o [3]
  .text              ro code   0x800'3a50     0x4  startup_stm32f10x_cl.o [3]
  .text              ro code   0x800'3a54     0x4  startup_stm32f10x_cl.o [3]
  .text              ro code   0x800'3a58     0x4  startup_stm32f10x_cl.o [3]
  .text              ro code   0x800'3a5c     0x4  startup_stm32f10x_cl.o [3]
  .text              ro code   0x800'3a60     0x4  startup_stm32f10x_cl.o [3]
  .text              ro code   0x800'3a64     0x4  startup_stm32f10x_cl.o [3]
  .text              ro code   0x800'3a68     0x4  startup_stm32f10x_cl.o [3]
  .text              ro code   0x800'3a6c     0x4  startup_stm32f10x_cl.o [3]
  .text              ro code   0x800'3a70     0x4  startup_stm32f10x_cl.o [3]
  .text              ro code   0x800'3a74     0x4  startup_stm32f10x_cl.o [3]
  .text              ro code   0x800'3a78     0x4  startup_stm32f10x_cl.o [3]
  .text              ro code   0x800'3a7c     0x4  startup_stm32f10x_cl.o [3]
  .text              ro code   0x800'3a80     0x4  startup_stm32f10x_cl.o [3]
  .text              ro code   0x800'3a84     0x4  startup_stm32f10x_cl.o [3]
  .text              ro code   0x800'3a88     0x4  startup_stm32f10x_cl.o [3]
  .text              ro code   0x800'3a8c     0x4  startup_stm32f10x_cl.o [3]
  .text              ro code   0x800'3a90     0x4  startup_stm32f10x_cl.o [3]
  .text              ro code   0x800'3a94     0x4  startup_stm32f10x_cl.o [3]
  .text              ro code   0x800'3a98     0x4  startup_stm32f10x_cl.o [3]
  .text              ro code   0x800'3a9c     0x4  startup_stm32f10x_cl.o [3]
  .text              ro code   0x800'3aa0     0x4  startup_stm32f10x_cl.o [3]
  .text              ro code   0x800'3aa4     0x4  startup_stm32f10x_cl.o [3]
  .text              ro code   0x800'3aa8     0x4  startup_stm32f10x_cl.o [3]
  .text              ro code   0x800'3aac     0x4  startup_stm32f10x_cl.o [3]
  .text              ro code   0x800'3ab0     0x4  startup_stm32f10x_cl.o [3]
  .text              ro code   0x800'3ab4     0x4  startup_stm32f10x_cl.o [3]
  .text              ro code   0x800'3ab8     0x4  startup_stm32f10x_cl.o [3]
  .text              ro code   0x800'3abc     0x4  startup_stm32f10x_cl.o [3]
  .text              ro code   0x800'3ac0     0x4  startup_stm32f10x_cl.o [3]
  .text              ro code   0x800'3ac4     0x4  startup_stm32f10x_cl.o [3]
  .text              ro code   0x800'3ac8     0x4  startup_stm32f10x_cl.o [3]
  .text              ro code   0x800'3acc     0x4  startup_stm32f10x_cl.o [3]
  .text              ro code   0x800'3ad0     0x4  startup_stm32f10x_cl.o [3]
  .text              ro code   0x800'3ad4     0x4  startup_stm32f10x_cl.o [3]
  .text              ro code   0x800'3ad8     0x4  startup_stm32f10x_cl.o [3]
  .text              ro code   0x800'3adc     0x4  startup_stm32f10x_cl.o [3]
  .text              ro code   0x800'3ae0     0x4  startup_stm32f10x_cl.o [3]
  .text              ro code   0x800'3ae4     0x4  startup_stm32f10x_cl.o [3]
  .text              ro code   0x800'3ae8     0x4  startup_stm32f10x_cl.o [3]
  .text              ro code   0x800'3aec     0x4  startup_stm32f10x_cl.o [3]
  .text              ro code   0x800'3af0     0x4  startup_stm32f10x_cl.o [3]
  .text              ro code   0x800'3af4     0x4  startup_stm32f10x_cl.o [3]
  .text              ro code   0x800'3af8     0x4  startup_stm32f10x_cl.o [3]
  .rodata            const     0x800'3afc     0x0  packbits_init_single.o [9]
  Initializer bytes  const     0x800'3afc    0x15  <for P2-1>
                             - 0x800'3b11  0x39c1

"P2", part 1 of 2:                           0x3a
  P2-1                        0x2000'0000    0x3a  <Init block>
    .data            inited   0x2000'0000    0x10  stm32f10x_rcc.o [5]
    .data            inited   0x2000'0010     0x4  stm32f10x_rcc.o [5]
    .bss             inited   0x2000'0014    0x10  main.o [6]
    .bss             inited   0x2000'0024     0x4  main.o [6]
    .bss             inited   0x2000'0028     0x4  main.o [6]
    .bss             inited   0x2000'002c     0x4  touch.o [4]
    .bss             inited   0x2000'0030     0x4  touch.o [4]
    .bss             inited   0x2000'0034     0x2  lcd.o [4]
    .bss             inited   0x2000'0036     0x2  touch.o [4]
    .bss             inited   0x2000'0038     0x2  touch.o [4]
                            - 0x2000'003a    0x3a

"P2", part 2 of 2:                         0x1000
  CSTACK                      0x2000'0040  0x1000  <Block>
    CSTACK           uninit   0x2000'0040  0x1000  <Block tail>
                            - 0x2000'1040  0x1000

Unused ranges:

         From           To      Size
         ----           --      ----
   0x800'3b11   0x807'ffff  0x7'c4ef
  0x2000'003a  0x2000'003f       0x6
  0x2000'1040  0x2000'7fff    0x6fc0


*******************************************************************************
*** INIT TABLE
***

          Address      Size
          -------      ----
Copy/packbits (__iar_packbits_init_single3)
    1 source range, total size 0x15 (36% of destination):
           0x800'3afc  0x15
    1 destination range, total size 0x3a:
          0x2000'0000  0x3a



*******************************************************************************
*** MODULE SUMMARY
***

    Module                  ro code  ro data  rw data
    ------                  -------  -------  -------
command line/config:
    -------------------------------------------------
    Total:

C:\Embedded\week3\Debug\Obj\CoreSupport: [1]
    -------------------------------------------------
    Total:

C:\Embedded\week3\Debug\Obj\Libraries\CMSIS\DeviceSupport: [2]
    system_stm32f10x.o          336
    -------------------------------------------------
    Total:                      336

C:\Embedded\week3\Debug\Obj\Libraries\CMSIS\DeviceSupport\Startup: [3]
    startup_stm32f10x_cl.o      632
    -------------------------------------------------
    Total:                      632

C:\Embedded\week3\Debug\Obj\Libraries\LCD: [4]
    lcd.o                     2'284    2'661        2
    touch.o                   1'772        5       12
    -------------------------------------------------
    Total:                    4'056    2'666       14

C:\Embedded\week3\Debug\Obj\Libraries\STM32F10x_StdPeriph_Driver_v3.5\src: [5]
    misc.o                      128
    stm32f10x_adc.o             416
    stm32f10x_dma.o              84
    stm32f10x_exti.o            180
    stm32f10x_gpio.o            320
    stm32f10x_rcc.o             364        7       20
    stm32f10x_tim.o             400
    stm32f10x_usart.o           422
    -------------------------------------------------
    Total:                    2'314        7       20

C:\Embedded\week3\Debug\Obj\user: [6]
    main.o                    1'716        8       24
    stm32f10x_it.o               18
    -------------------------------------------------
    Total:                    1'734        8       24

dl7M_tln.a: [7]
    abs.o                         8
    exit.o                        4
    low_level_init.o              4
    -------------------------------------------------
    Total:                       16

m7M_tl.a: [8]
    DblAddSub.o                 590
    DblDiv.o                    582
    DblMul.o                    426
    DblToFlt.o                  104
    DblToS32.o                   54
    FltAddSub.o                 354
    FltCmpGe.o                   40
    FltCmpLe.o                   40
    FltDiv.o                    280
    FltMul.o                    216
    FltToDbl.o                   72
    FltToS32.o                   38
    S32ToFlt.o                   36
    U32ToDbl.o                   28
    U32ToFlt.o                   26
    sqrt.o                      242
    -------------------------------------------------
    Total:                    3'128

rt7M_tl.a: [9]
    cexit.o                      10
    cmain.o                      30
    cstartup_M.o                 28
    data_init.o                  40
    packbits_init_single.o       58
    -------------------------------------------------
    Total:                      166

shb_l.a: [10]
    exit.o                       20
    -------------------------------------------------
    Total:                       20

    Gaps                         20        2
    Linker created                        16    4'096
-----------------------------------------------------
    Grand Total:             12'422    2'699    4'154


*******************************************************************************
*** ENTRY LIST
***

Entry                       Address   Size  Type      Object
-----                       -------   ----  ----      ------
.iar.init_table$$Base    0x800'394c          --   Gb  - Linker created -
.iar.init_table$$Limit   0x800'395c          --   Gb  - Linker created -
?main                    0x800'395d         Code  Gb  cmain.o [9]
ADC1_2_IRQHandler        0x800'3a51         Code  Wk  startup_stm32f10x_cl.o [3]
ADCPrescTable           0x2000'0010    0x4  Data  Lc  stm32f10x_rcc.o [5]
ADC_Cmd                  0x800'216f   0x1a  Code  Gb  stm32f10x_adc.o [5]
ADC_Configure            0x800'1bc7   0x84  Code  Gb  main.o [6]
ADC_DMACmd               0x800'2189   0x1a  Code  Gb  stm32f10x_adc.o [5]
ADC_GetCalibrationStatus
                         0x800'21c9   0x12  Code  Gb  stm32f10x_adc.o [5]
ADC_GetResetCalibrationStatus
                         0x800'21ad   0x12  Code  Gb  stm32f10x_adc.o [5]
ADC_Init                 0x800'2125   0x4a  Code  Gb  stm32f10x_adc.o [5]
ADC_RegularChannelConfig
                         0x800'21f5   0xc6  Code  Gb  stm32f10x_adc.o [5]
ADC_ResetCalibration     0x800'21a3    0xa  Code  Gb  stm32f10x_adc.o [5]
ADC_SoftwareStartConvCmd
                         0x800'21db   0x1a  Code  Gb  stm32f10x_adc.o [5]
ADC_StartCalibration     0x800'21bf    0xa  Code  Gb  stm32f10x_adc.o [5]
ADC_Value               0x2000'0014   0x10  Data  Gb  main.o [6]
ADS_Read_AD              0x800'0d41   0x76  Code  Gb  touch.o [4]
ADS_Read_XY              0x800'0db7   0xa4  Code  Gb  touch.o [4]
ADS_Write_Byte           0x800'0cf1   0x4e  Code  Gb  touch.o [4]
APBAHBPrescTable        0x2000'0000   0x10  Data  Lc  stm32f10x_rcc.o [5]
BusFault_Handler         0x800'39c7    0x2  Code  Gb  stm32f10x_it.o [6]
CAN1_RX0_IRQHandler      0x800'3a59         Code  Wk  startup_stm32f10x_cl.o [3]
CAN1_RX1_IRQHandler      0x800'3a5d         Code  Wk  startup_stm32f10x_cl.o [3]
CAN1_SCE_IRQHandler      0x800'3a61         Code  Wk  startup_stm32f10x_cl.o [3]
CAN1_TX_IRQHandler       0x800'3a55         Code  Wk  startup_stm32f10x_cl.o [3]
CAN2_RX0_IRQHandler      0x800'3aed         Code  Wk  startup_stm32f10x_cl.o [3]
CAN2_RX1_IRQHandler      0x800'3af1         Code  Wk  startup_stm32f10x_cl.o [3]
CAN2_SCE_IRQHandler      0x800'3af5         Code  Wk  startup_stm32f10x_cl.o [3]
CAN2_TX_IRQHandler       0x800'3ae9         Code  Wk  startup_stm32f10x_cl.o [3]
CSTACK$$Base            0x2000'0040          --   Gb  - Linker created -
CSTACK$$Limit           0x2000'1040          --   Gb  - Linker created -
ControlPWM               0x800'1ec1   0x24  Code  Gb  main.o [6]
DMA1_Channel1_IRQHandler
                         0x800'3a35         Code  Wk  startup_stm32f10x_cl.o [3]
DMA1_Channel2_IRQHandler
                         0x800'3a39         Code  Wk  startup_stm32f10x_cl.o [3]
DMA1_Channel3_IRQHandler
                         0x800'3a3d         Code  Wk  startup_stm32f10x_cl.o [3]
DMA1_Channel4_IRQHandler
                         0x800'3a41         Code  Wk  startup_stm32f10x_cl.o [3]
DMA1_Channel5_IRQHandler
                         0x800'3a45         Code  Wk  startup_stm32f10x_cl.o [3]
DMA1_Channel6_IRQHandler
                         0x800'3a49         Code  Wk  startup_stm32f10x_cl.o [3]
DMA1_Channel7_IRQHandler
                         0x800'3a4d         Code  Wk  startup_stm32f10x_cl.o [3]
DMA2_Channel1_IRQHandler
                         0x800'3acd         Code  Wk  startup_stm32f10x_cl.o [3]
DMA2_Channel2_IRQHandler
                         0x800'3ad1         Code  Wk  startup_stm32f10x_cl.o [3]
DMA2_Channel3_IRQHandler
                         0x800'3ad5         Code  Wk  startup_stm32f10x_cl.o [3]
DMA2_Channel4_IRQHandler
                         0x800'3ad9         Code  Wk  startup_stm32f10x_cl.o [3]
DMA2_Channel5_IRQHandler
                         0x800'3add         Code  Wk  startup_stm32f10x_cl.o [3]
DMA_Cmd                  0x800'2109   0x1c  Code  Gb  stm32f10x_dma.o [5]
DMA_Configure            0x800'1b75   0x52  Code  Gb  main.o [6]
DMA_Init                 0x800'20d1   0x38  Code  Gb  stm32f10x_dma.o [5]
DebugMon_Handler         0x800'39cd    0x2  Code  Gb  stm32f10x_it.o [6]
DeviceCode              0x2000'0034    0x2  Data  Gb  lcd.o [4]
Drow_Touch_Point         0x800'1063   0x68  Code  Gb  touch.o [4]
ETH_IRQHandler           0x800'3ae1         Code  Wk  startup_stm32f10x_cl.o [3]
ETH_WKUP_IRQHandler      0x800'3ae5         Code  Wk  startup_stm32f10x_cl.o [3]
EXTI0_IRQHandler         0x800'3a21         Code  Wk  startup_stm32f10x_cl.o [3]
EXTI15_10_IRQHandler     0x800'1e1f   0x38  Code  Gb  main.o [6]
EXTI1_IRQHandler         0x800'1df1   0x2e  Code  Gb  main.o [6]
EXTI2_IRQHandler         0x800'3a29         Code  Wk  startup_stm32f10x_cl.o [3]
EXTI3_IRQHandler         0x800'3a2d         Code  Wk  startup_stm32f10x_cl.o [3]
EXTI4_IRQHandler         0x800'3a31         Code  Wk  startup_stm32f10x_cl.o [3]
EXTI9_5_IRQHandler       0x800'3a65         Code  Wk  startup_stm32f10x_cl.o [3]
EXTI_ClearITPendingBit   0x800'20b5    0x6  Code  Gb  stm32f10x_exti.o [5]
EXTI_Configure           0x800'1b27   0x4e  Code  Gb  main.o [6]
EXTI_GetITStatus         0x800'2095   0x20  Code  Gb  stm32f10x_exti.o [5]
EXTI_Init                0x800'201d   0x78  Code  Gb  stm32f10x_exti.o [5]
FLASH_IRQHandler         0x800'3a19         Code  Wk  startup_stm32f10x_cl.o [3]
GPIO_EXTILineConfig      0x800'0b2b   0x4c  Code  Gb  stm32f10x_gpio.o [5]
GPIO_Init                0x800'0a3d   0xc2  Code  Gb  stm32f10x_gpio.o [5]
GPIO_ReadInputData       0x800'0b13    0x6  Code  Gb  stm32f10x_gpio.o [5]
GPIO_ReadInputDataBit    0x800'0aff   0x14  Code  Gb  stm32f10x_gpio.o [5]
GPIO_ResetBits           0x800'0b1f    0x6  Code  Gb  stm32f10x_gpio.o [5]
GPIO_SetBits             0x800'0b19    0x6  Code  Gb  stm32f10x_gpio.o [5]
GPIO_Write               0x800'0b25    0x6  Code  Gb  stm32f10x_gpio.o [5]
GpioInit                 0x800'19f1  0x136  Code  Gb  main.o [6]
HardFault_Handler        0x800'39c3    0x2  Code  Gb  stm32f10x_it.o [6]
I2C1_ER_IRQHandler       0x800'3a89         Code  Wk  startup_stm32f10x_cl.o [3]
I2C1_EV_IRQHandler       0x800'3a85         Code  Wk  startup_stm32f10x_cl.o [3]
I2C2_ER_IRQHandler       0x800'3a91         Code  Wk  startup_stm32f10x_cl.o [3]
I2C2_EV_IRQHandler       0x800'3a8d         Code  Wk  startup_stm32f10x_cl.o [3]
LCD_Clear                0x800'066f   0x28  Code  Gb  lcd.o [4]
LCD_Configuration        0x800'0287   0x74  Code  Lc  lcd.o [4]
LCD_Delay                0x800'02fb   0x26  Code  Lc  lcd.o [4]
LCD_DrawLine             0x800'072d  0x110  Code  Gb  lcd.o [4]
LCD_DrawPoint            0x800'0715   0x18  Code  Gb  lcd.o [4]
LCD_Init                 0x800'0339  0x336  Code  Gb  lcd.o [4]
LCD_ReadReg              0x800'01e1   0x88  Code  Lc  lcd.o [4]
LCD_SetCursor            0x800'0697   0x3e  Code  Gb  lcd.o [4]
LCD_ShowChar             0x800'083d   0xfc  Code  Gb  lcd.o [4]
LCD_ShowNum              0x800'0939   0xec  Code  Gb  lcd.o [4]
LCD_WR_DATA              0x800'0199   0x48  Code  Lc  lcd.o [4]
LCD_WR_REG               0x800'0151   0x48  Code  Lc  lcd.o [4]
LCD_WindowMax            0x800'06d5   0x40  Code  Gb  lcd.o [4]
LCD_WriteRAM_Prepare     0x800'027d    0xa  Code  Lc  lcd.o [4]
LCD_WriteReg             0x800'0269   0x14  Code  Lc  lcd.o [4]
MemManage_Handler        0x800'39c5    0x2  Code  Gb  stm32f10x_it.o [6]
NMI_Handler              0x800'39c1    0x2  Code  Gb  stm32f10x_it.o [6]
NVIC_Configure           0x800'1c4b   0xb4  Code  Gb  main.o [6]
NVIC_Init                0x800'22cf   0x60  Code  Gb  misc.o [5]
NVIC_PriorityGroupConfig
                         0x800'22c5    0xa  Code  Gb  misc.o [5]
OTG_FS_IRQHandler        0x800'3af9         Code  Wk  startup_stm32f10x_cl.o [3]
OTG_FS_WKUP_IRQHandler   0x800'3ab1         Code  Wk  startup_stm32f10x_cl.o [3]
PVD_IRQHandler           0x800'3a0d         Code  Wk  startup_stm32f10x_cl.o [3]
PendSV_Handler           0x800'39cf    0x2  Code  Gb  stm32f10x_it.o [6]
RCCInit                  0x800'1987   0x6a  Code  Gb  main.o [6]
RCC_AHBPeriphClockCmd    0x800'0c6b   0x1c  Code  Gb  stm32f10x_rcc.o [5]
RCC_APB1PeriphClockCmd   0x800'0ca3   0x1c  Code  Gb  stm32f10x_rcc.o [5]
RCC_APB2PeriphClockCmd   0x800'0c87   0x1c  Code  Gb  stm32f10x_rcc.o [5]
RCC_GetClocksFreq        0x800'0b7d   0xee  Code  Gb  stm32f10x_rcc.o [5]
RCC_IRQHandler           0x800'3a1d         Code  Wk  startup_stm32f10x_cl.o [3]
RTCAlarm_IRQHandler      0x800'3aad         Code  Wk  startup_stm32f10x_cl.o [3]
RTC_IRQHandler           0x800'3a15         Code  Wk  startup_stm32f10x_cl.o [3]
Read_ADSX                0x800'0e5b   0x1c  Code  Gb  touch.o [4]
Read_ADSY                0x800'0e77   0x1c  Code  Gb  touch.o [4]
Refreshes_Screen         0x800'10cb    0xc  Code  Gb  touch.o [4]
Region$$Table$$Base      0x800'394c          --   Gb  - Linker created -
Region$$Table$$Limit     0x800'395c          --   Gb  - Linker created -
ResetFireAlarm           0x800'1ef3   0x22  Code  Gb  main.o [6]
ResetIntruderAlarm       0x800'1ee5    0xe  Code  Gb  main.o [6]
Reset_Handler            0x800'39d5         Code  Wk  startup_stm32f10x_cl.o [3]
SPI1_IRQHandler          0x800'3a95         Code  Wk  startup_stm32f10x_cl.o [3]
SPI2_IRQHandler          0x800'3a99         Code  Wk  startup_stm32f10x_cl.o [3]
SPI3_IRQHandler          0x800'3ab9         Code  Wk  startup_stm32f10x_cl.o [3]
SVC_Handler              0x800'39cb    0x2  Code  Gb  stm32f10x_it.o [6]
SetSysClock              0x800'26cf    0x8  Code  Lc  system_stm32f10x.o [2]
SetSysClockTo72          0x800'26d7   0xd2  Code  Lc  system_stm32f10x.o [2]
SysTick_Handler          0x800'39d1    0x2  Code  Gb  stm32f10x_it.o [6]
SystemInit               0x800'267d   0x52  Code  Gb  system_stm32f10x.o [2]
TAMPER_IRQHandler        0x800'3a11         Code  Wk  startup_stm32f10x_cl.o [3]
TIM1_BRK_IRQHandler      0x800'3a69         Code  Wk  startup_stm32f10x_cl.o [3]
TIM1_CC_IRQHandler       0x800'3a75         Code  Wk  startup_stm32f10x_cl.o [3]
TIM1_TRG_COM_IRQHandler
                         0x800'3a71         Code  Wk  startup_stm32f10x_cl.o [3]
TIM1_UP_IRQHandler       0x800'3a6d         Code  Wk  startup_stm32f10x_cl.o [3]
TIM2_IRQHandler          0x800'3a79         Code  Wk  startup_stm32f10x_cl.o [3]
TIM3_IRQHandler          0x800'3a7d         Code  Wk  startup_stm32f10x_cl.o [3]
TIM4_IRQHandler          0x800'3a81         Code  Wk  startup_stm32f10x_cl.o [3]
TIM5_IRQHandler          0x800'3ab5         Code  Wk  startup_stm32f10x_cl.o [3]
TIM6_IRQHandler          0x800'3ac5         Code  Wk  startup_stm32f10x_cl.o [3]
TIM7_IRQHandler          0x800'3ac9         Code  Wk  startup_stm32f10x_cl.o [3]
TIM_ARRPreloadConfig     0x800'247b   0x1c  Code  Gb  stm32f10x_tim.o [5]
TIM_Cmd                  0x800'245f   0x1c  Code  Gb  stm32f10x_tim.o [5]
TIM_Configure            0x800'1cff   0x66  Code  Gb  main.o [6]
TIM_OC3Init              0x800'23d7   0x88  Code  Gb  stm32f10x_tim.o [5]
TIM_OC3PreloadConfig     0x800'2497   0x10  Code  Gb  stm32f10x_tim.o [5]
TIM_TimeBaseInit         0x800'2345   0x92  Code  Gb  stm32f10x_tim.o [5]
Touch_Adjust             0x800'10d7  0x2ce  Code  Gb  touch.o [4]
Touch_Configuration      0x800'1013   0x50  Code  Gb  touch.o [4]
Touch_GetXY              0x800'0fd3   0x40  Code  Gb  touch.o [4]
Touch_GexX               0x800'0e93   0xa0  Code  Gb  touch.o [4]
Touch_GexY               0x800'0f33   0xa0  Code  Gb  touch.o [4]
UART4_IRQHandler         0x800'3abd         Code  Wk  startup_stm32f10x_cl.o [3]
UART5_IRQHandler         0x800'3ac1         Code  Wk  startup_stm32f10x_cl.o [3]
USART1_IRQHandler        0x800'1e57   0x2e  Code  Gb  main.o [6]
USART1_Init              0x800'1d65   0x46  Code  Gb  main.o [6]
USART2_IRQHandler        0x800'1e85   0x3c  Code  Gb  main.o [6]
USART2_Init              0x800'1dab   0x46  Code  Gb  main.o [6]
USART3_IRQHandler        0x800'3aa5         Code  Wk  startup_stm32f10x_cl.o [3]
USART_ClearITPendingBit
                         0x800'2665   0x16  Code  Gb  stm32f10x_usart.o [5]
USART_Cmd                0x800'2595   0x1c  Code  Gb  stm32f10x_usart.o [5]
USART_GetITStatus        0x800'260b   0x5a  Code  Gb  stm32f10x_usart.o [5]
USART_ITConfig           0x800'25b1   0x4a  Code  Gb  stm32f10x_usart.o [5]
USART_Init               0x800'24d5   0xba  Code  Gb  stm32f10x_usart.o [5]
USART_ReceiveData        0x800'2603    0x8  Code  Gb  stm32f10x_usart.o [5]
USART_SendData           0x800'25fb    0x8  Code  Gb  stm32f10x_usart.o [5]
UsageFault_Handler       0x800'39c9    0x2  Code  Gb  stm32f10x_it.o [6]
WWDG_IRQHandler          0x800'3a09         Code  Wk  startup_stm32f10x_cl.o [3]
__NVIC_EnableIRQ         0x800'1969   0x1e  Code  Lc  main.o [6]
__aeabi_cfcmple          0x800'1691         Code  Gb  FltCmpLe.o [8]
__aeabi_cfrcmple         0x800'16b9         Code  Gb  FltCmpGe.o [8]
__aeabi_d2f              0x800'2bc1         Code  Gb  DblToFlt.o [8]
__aeabi_d2iz             0x800'1525         Code  Gb  DblToS32.o [8]
__aeabi_dadd             0x800'2c71         Code  Gb  DblAddSub.o [8]
__aeabi_ddiv             0x800'2979         Code  Gb  DblDiv.o [8]
__aeabi_dmul             0x800'27cd         Code  Gb  DblMul.o [8]
__aeabi_f2d              0x800'2c29         Code  Gb  FltToDbl.o [8]
__aeabi_f2iz             0x800'1941         Code  Gb  FltToS32.o [8]
__aeabi_fdiv             0x800'1579         Code  Gb  FltDiv.o [8]
__aeabi_fmul             0x800'1705         Code  Gb  FltMul.o [8]
__aeabi_fsub             0x800'18b1         Code  Gb  FltAddSub.o [8]
__aeabi_i2f              0x800'16e1         Code  Gb  S32ToFlt.o [8]
__aeabi_ui2d             0x800'13dd         Code  Gb  U32ToDbl.o [8]
__aeabi_ui2f             0x800'155d         Code  Gb  U32ToFlt.o [8]
__cmain                  0x800'395d         Code  Gb  cmain.o [9]
__exit                   0x800'3991   0x14  Code  Gb  exit.o [10]
__iar_data_init3         0x800'3925   0x28  Code  Gb  data_init.o [9]
__iar_packbits_init_single3
                         0x800'14eb   0x3a  Code  Gb  packbits_init_single.o [9]
__iar_program_start      0x800'39a5         Code  Gb  cstartup_M.o [9]
__iar_sqrt64             0x800'13f9         Code  Gb  sqrt.o [8]
__low_level_init         0x800'397b    0x4  Code  Gb  low_level_init.o [7]
__vector_table           0x800'0000         Data  Gb  startup_stm32f10x_cl.o [3]
_call_main               0x800'3969         Code  Gb  cmain.o [9]
_exit                    0x800'3985         Code  Gb  cexit.o [9]
abs                      0x800'0ce9    0x8  Code  Wk  abs.o [7]
asc2_1206                0x800'34b0  0x474  Data  Gb  lcd.o [4]
asc2_1608                0x800'2ec0  0x5f0  Data  Gb  lcd.o [4]
btnFlag                 0x2000'0028    0x4  Data  Gb  main.o [6]
exit                     0x800'397f    0x4  Code  Gb  exit.o [7]
main                     0x800'1f15   0xbe  Code  Gb  main.o [6]
motionFlag              0x2000'0024    0x4  Data  Gb  main.o [6]
mypow                    0x800'0321   0x18  Code  Lc  lcd.o [4]
sqrt                     0x800'13f9         Code  Gb  sqrt.o [8]
sqrtl                    0x800'13f9         Code  Gb  sqrt.o [8]
xfac                    0x2000'002c    0x4  Data  Gb  touch.o [4]
xoff                    0x2000'0036    0x2  Data  Gb  touch.o [4]
yfac                    0x2000'0030    0x4  Data  Gb  touch.o [4]
yoff                    0x2000'0038    0x2  Data  Gb  touch.o [4]


[1] = C:\Embedded\week3\Debug\Obj\CoreSupport
[2] = C:\Embedded\week3\Debug\Obj\Libraries\CMSIS\DeviceSupport
[3] = C:\Embedded\week3\Debug\Obj\Libraries\CMSIS\DeviceSupport\Startup
[4] = C:\Embedded\week3\Debug\Obj\Libraries\LCD
[5] = C:\Embedded\week3\Debug\Obj\Libraries\STM32F10x_StdPeriph_Driver_v3.5\src
[6] = C:\Embedded\week3\Debug\Obj\user
[7] = dl7M_tln.a
[8] = m7M_tl.a
[9] = rt7M_tl.a
[10] = shb_l.a

  12'422 bytes of readonly  code memory
   2'699 bytes of readonly  data memory
   4'154 bytes of readwrite data memory

Errors: none
Warnings: none
