###############################################################################
#
# IAR ELF Linker V9.30.1.335/W64 for ARM                  01/Dec/2022  20:54:50
# Copyright 2007-2022 IAR Systems AB.
#
#    Output file  =  C:\Embedded\week3\Debug\Exe\week3.out
#    Map file     =  C:\Embedded\week3\Debug\List\week3.map
#    Command line =
#        -f C:\Embedded\week3\Debug\Exe\week3.out.rsp
#        (C:\Embedded\week3\Debug\Obj\CoreSupport\core_cm3.o
#        C:\Embedded\week3\Debug\Obj\Libraries\LCD\lcd.o
#        C:\Embedded\week3\Debug\Obj\user\main.o
#        C:\Embedded\week3\Debug\Obj\Libraries\STM32F10x_StdPeriph_Driver_v3.5\src\misc.o
#        C:\Embedded\week3\Debug\Obj\Libraries\CMSIS\DeviceSupport\Startup\startup_stm32f10x_cl.o
#        C:\Embedded\week3\Debug\Obj\Libraries\STM32F10x_StdPeriph_Driver_v3.5\src\stm32f10x_adc.o
#        C:\Embedded\week3\Debug\Obj\Libraries\STM32F10x_StdPeriph_Driver_v3.5\src\stm32f10x_bkp.o
#        C:\Embedded\week3\Debug\Obj\Libraries\STM32F10x_StdPeriph_Driver_v3.5\src\stm32f10x_can.o
#        C:\Embedded\week3\Debug\Obj\Libraries\STM32F10x_StdPeriph_Driver_v3.5\src\stm32f10x_cec.o
#        C:\Embedded\week3\Debug\Obj\Libraries\STM32F10x_StdPeriph_Driver_v3.5\src\stm32f10x_crc.o
#        C:\Embedded\week3\Debug\Obj\Libraries\STM32F10x_StdPeriph_Driver_v3.5\src\stm32f10x_dac.o
#        C:\Embedded\week3\Debug\Obj\Libraries\STM32F10x_StdPeriph_Driver_v3.5\src\stm32f10x_dbgmcu.o
#        C:\Embedded\week3\Debug\Obj\Libraries\STM32F10x_StdPeriph_Driver_v3.5\src\stm32f10x_dma.o
#        C:\Embedded\week3\Debug\Obj\Libraries\STM32F10x_StdPeriph_Driver_v3.5\src\stm32f10x_exti.o
#        C:\Embedded\week3\Debug\Obj\Libraries\STM32F10x_StdPeriph_Driver_v3.5\src\stm32f10x_flash.o
#        C:\Embedded\week3\Debug\Obj\Libraries\STM32F10x_StdPeriph_Driver_v3.5\src\stm32f10x_fsmc.o
#        C:\Embedded\week3\Debug\Obj\Libraries\STM32F10x_StdPeriph_Driver_v3.5\src\stm32f10x_gpio.o
#        C:\Embedded\week3\Debug\Obj\Libraries\STM32F10x_StdPeriph_Driver_v3.5\src\stm32f10x_i2c.o
#        C:\Embedded\week3\Debug\Obj\user\stm32f10x_it.o
#        C:\Embedded\week3\Debug\Obj\Libraries\STM32F10x_StdPeriph_Driver_v3.5\src\stm32f10x_iwdg.o
#        C:\Embedded\week3\Debug\Obj\Libraries\STM32F10x_StdPeriph_Driver_v3.5\src\stm32f10x_pwr.o
#        C:\Embedded\week3\Debug\Obj\Libraries\STM32F10x_StdPeriph_Driver_v3.5\src\stm32f10x_rcc.o
#        C:\Embedded\week3\Debug\Obj\Libraries\STM32F10x_StdPeriph_Driver_v3.5\src\stm32f10x_rtc.o
#        C:\Embedded\week3\Debug\Obj\Libraries\STM32F10x_StdPeriph_Driver_v3.5\src\stm32f10x_sdio.o
#        C:\Embedded\week3\Debug\Obj\Libraries\STM32F10x_StdPeriph_Driver_v3.5\src\stm32f10x_spi.o
#        C:\Embedded\week3\Debug\Obj\Libraries\STM32F10x_StdPeriph_Driver_v3.5\src\stm32f10x_tim.o
#        C:\Embedded\week3\Debug\Obj\Libraries\STM32F10x_StdPeriph_Driver_v3.5\src\stm32f10x_usart.o
#        C:\Embedded\week3\Debug\Obj\Libraries\STM32F10x_StdPeriph_Driver_v3.5\src\stm32f10x_wwdg.o
#        C:\Embedded\week3\Debug\Obj\Libraries\CMSIS\DeviceSupport\system_stm32f10x.o
#        C:\Embedded\week3\Debug\Obj\Libraries\LCD\touch.o --no_out_extension
#        -o C:\Embedded\week3\Debug\Exe\week3.out --map
#        C:\Embedded\week3\Debug\List\week3.map --log
#        libraries,initialization,modules,redirects,sections,veneers,unused_fragments,call_graph
#        --log_file C:\Embedded\week3\Debug\List\week3.log --config
#        "C:\Users\user\Downloads\icf ÆÄÀÏ\myicf.icf" --semihosting --entry
#        __iar_program_start --vfe --text_out locale --cpu=Cortex-M3
#        --fpu=None)
#
###############################################################################

*******************************************************************************
*** RUNTIME MODEL ATTRIBUTES
***

CppFlavor       = *
__CPP_Runtime   = 1
__SystemLibrary = DLib
__dlib_version  = 6


*******************************************************************************
*** HEAP SELECTION
***

The basic heap was selected because --advanced_heap
was not specified and the application did not appear to
be primarily optimized for speed.


*******************************************************************************
*** PLACEMENT SUMMARY
***

"A0":  place at address 0x800'0000 { ro section .intvec };
"P1":  place in [from 0x800'0000 to 0x807'ffff] { ro };
define block CSTACK with size = 4K, alignment = 8 { };
define block HEAP with size = 4K, alignment = 8 { };
"P2":  place in [from 0x2000'0000 to 0x2000'7fff] {
          rw, block CSTACK, block HEAP };
initialize by copy { rw };

  Section            Kind         Address    Size  Object
  -------            ----         -------    ----  ------
"A0":                                       0x150
  .intvec            ro code   0x800'0000   0x150  startup_stm32f10x_cl.o [3]
                             - 0x800'0150   0x150

"P1":                                      0x11ed
  .text              ro code   0x800'0150   0x584  main.o [6]
  .text              ro code   0x800'06d4   0x16c  stm32f10x_rcc.o [5]
  .text              ro code   0x800'0840   0x128  stm32f10x_gpio.o [5]
  .text              ro code   0x800'0968    0xb4  stm32f10x_exti.o [5]
  .text              ro code   0x800'0a1c    0x54  stm32f10x_dma.o [5]
  .text              ro code   0x800'0a70   0x1a0  stm32f10x_adc.o [5]
  .text              ro code   0x800'0c10    0x80  misc.o [5]
  .text              ro code   0x800'0c90   0x190  stm32f10x_tim.o [5]
  .text              ro code   0x800'0e20   0x1a6  stm32f10x_usart.o [5]
  .text              ro code   0x800'0fc6    0x3a  packbits_init_single.o [9]
  .text              ro code   0x800'1000   0x150  system_stm32f10x.o [2]
  .text              ro code   0x800'1150    0x28  data_init.o [9]
  .iar.init_table    const     0x800'1178    0x10  - Linker created -
  .text              ro code   0x800'1188    0x1e  cmain.o [9]
  .text              ro code   0x800'11a6     0x4  low_level_init.o [7]
  .text              ro code   0x800'11aa     0x4  exit.o [7]
  .text              ro code   0x800'11b0     0xa  cexit.o [9]
  .text              ro code   0x800'11bc    0x14  exit.o [10]
  .text              ro code   0x800'11d0    0x1c  cstartup_M.o [9]
  .text              ro code   0x800'11ec    0x12  stm32f10x_it.o [6]
  .text              ro code   0x800'1200    0x10  startup_stm32f10x_cl.o [3]
  .text              ro code   0x800'1210     0x4  startup_stm32f10x_cl.o [3]
  .text              ro code   0x800'1214     0x4  startup_stm32f10x_cl.o [3]
  .text              ro code   0x800'1218     0x4  startup_stm32f10x_cl.o [3]
  .text              ro code   0x800'121c     0x4  startup_stm32f10x_cl.o [3]
  .text              ro code   0x800'1220     0x4  startup_stm32f10x_cl.o [3]
  .text              ro code   0x800'1224     0x4  startup_stm32f10x_cl.o [3]
  .text              ro code   0x800'1228     0x4  startup_stm32f10x_cl.o [3]
  .text              ro code   0x800'122c     0x4  startup_stm32f10x_cl.o [3]
  .text              ro code   0x800'1230     0x4  startup_stm32f10x_cl.o [3]
  .text              ro code   0x800'1234     0x4  startup_stm32f10x_cl.o [3]
  .text              ro code   0x800'1238     0x4  startup_stm32f10x_cl.o [3]
  .text              ro code   0x800'123c     0x4  startup_stm32f10x_cl.o [3]
  .text              ro code   0x800'1240     0x4  startup_stm32f10x_cl.o [3]
  .text              ro code   0x800'1244     0x4  startup_stm32f10x_cl.o [3]
  .text              ro code   0x800'1248     0x4  startup_stm32f10x_cl.o [3]
  .text              ro code   0x800'124c     0x4  startup_stm32f10x_cl.o [3]
  .text              ro code   0x800'1250     0x4  startup_stm32f10x_cl.o [3]
  .text              ro code   0x800'1254     0x4  startup_stm32f10x_cl.o [3]
  .text              ro code   0x800'1258     0x4  startup_stm32f10x_cl.o [3]
  .text              ro code   0x800'125c     0x4  startup_stm32f10x_cl.o [3]
  .text              ro code   0x800'1260     0x4  startup_stm32f10x_cl.o [3]
  .text              ro code   0x800'1264     0x4  startup_stm32f10x_cl.o [3]
  .text              ro code   0x800'1268     0x4  startup_stm32f10x_cl.o [3]
  .text              ro code   0x800'126c     0x4  startup_stm32f10x_cl.o [3]
  .text              ro code   0x800'1270     0x4  startup_stm32f10x_cl.o [3]
  .text              ro code   0x800'1274     0x4  startup_stm32f10x_cl.o [3]
  .text              ro code   0x800'1278     0x4  startup_stm32f10x_cl.o [3]
  .text              ro code   0x800'127c     0x4  startup_stm32f10x_cl.o [3]
  .text              ro code   0x800'1280     0x4  startup_stm32f10x_cl.o [3]
  .text              ro code   0x800'1284     0x4  startup_stm32f10x_cl.o [3]
  .text              ro code   0x800'1288     0x4  startup_stm32f10x_cl.o [3]
  .text              ro code   0x800'128c     0x4  startup_stm32f10x_cl.o [3]
  .text              ro code   0x800'1290     0x4  startup_stm32f10x_cl.o [3]
  .text              ro code   0x800'1294     0x4  startup_stm32f10x_cl.o [3]
  .text              ro code   0x800'1298     0x4  startup_stm32f10x_cl.o [3]
  .text              ro code   0x800'129c     0x4  startup_stm32f10x_cl.o [3]
  .text              ro code   0x800'12a0     0x4  startup_stm32f10x_cl.o [3]
  .text              ro code   0x800'12a4     0x4  startup_stm32f10x_cl.o [3]
  .text              ro code   0x800'12a8     0x4  startup_stm32f10x_cl.o [3]
  .text              ro code   0x800'12ac     0x4  startup_stm32f10x_cl.o [3]
  .text              ro code   0x800'12b0     0x4  startup_stm32f10x_cl.o [3]
  .text              ro code   0x800'12b4     0x4  startup_stm32f10x_cl.o [3]
  .text              ro code   0x800'12b8     0x4  startup_stm32f10x_cl.o [3]
  .text              ro code   0x800'12bc     0x4  startup_stm32f10x_cl.o [3]
  .text              ro code   0x800'12c0     0x4  startup_stm32f10x_cl.o [3]
  .text              ro code   0x800'12c4     0x4  startup_stm32f10x_cl.o [3]
  .text              ro code   0x800'12c8     0x4  startup_stm32f10x_cl.o [3]
  .text              ro code   0x800'12cc     0x4  startup_stm32f10x_cl.o [3]
  .text              ro code   0x800'12d0     0x4  startup_stm32f10x_cl.o [3]
  .text              ro code   0x800'12d4     0x4  startup_stm32f10x_cl.o [3]
  .text              ro code   0x800'12d8     0x4  startup_stm32f10x_cl.o [3]
  .text              ro code   0x800'12dc     0x4  startup_stm32f10x_cl.o [3]
  .text              ro code   0x800'12e0     0x4  startup_stm32f10x_cl.o [3]
  .text              ro code   0x800'12e4     0x4  startup_stm32f10x_cl.o [3]
  .text              ro code   0x800'12e8     0x4  startup_stm32f10x_cl.o [3]
  .text              ro code   0x800'12ec     0x4  startup_stm32f10x_cl.o [3]
  .text              ro code   0x800'12f0     0x4  startup_stm32f10x_cl.o [3]
  .text              ro code   0x800'12f4     0x4  startup_stm32f10x_cl.o [3]
  .text              ro code   0x800'12f8     0x4  startup_stm32f10x_cl.o [3]
  .text              ro code   0x800'12fc     0x4  startup_stm32f10x_cl.o [3]
  .text              ro code   0x800'1300     0x4  startup_stm32f10x_cl.o [3]
  .text              ro code   0x800'1304     0x4  startup_stm32f10x_cl.o [3]
  .text              ro code   0x800'1308     0x4  startup_stm32f10x_cl.o [3]
  .text              ro code   0x800'130c     0x4  startup_stm32f10x_cl.o [3]
  .text              ro code   0x800'1310     0x4  startup_stm32f10x_cl.o [3]
  .text              ro code   0x800'1314     0x4  startup_stm32f10x_cl.o [3]
  .text              ro code   0x800'1318     0x4  startup_stm32f10x_cl.o [3]
  .text              ro code   0x800'131c     0x4  startup_stm32f10x_cl.o [3]
  .text              ro code   0x800'1320     0x4  startup_stm32f10x_cl.o [3]
  .text              ro code   0x800'1324     0x4  startup_stm32f10x_cl.o [3]
  .rodata            const     0x800'1328     0x0  packbits_init_single.o [9]
  Initializer bytes  const     0x800'1328    0x15  <for P2-1>
                             - 0x800'133d  0x11ed

"P2", part 1 of 2:                           0x24
  P2-1                        0x2000'0000    0x24  <Init block>
    .data            inited   0x2000'0000    0x10  stm32f10x_rcc.o [5]
    .data            inited   0x2000'0010     0x4  stm32f10x_rcc.o [5]
    .bss             inited   0x2000'0014     0x8  main.o [6]
    .bss             inited   0x2000'001c     0x4  main.o [6]
    .bss             inited   0x2000'0020     0x4  main.o [6]
                            - 0x2000'0024    0x24

"P2", part 2 of 2:                         0x1000
  CSTACK                      0x2000'0028  0x1000  <Block>
    CSTACK           uninit   0x2000'0028  0x1000  <Block tail>
                            - 0x2000'1028  0x1000

Unused ranges:

         From           To      Size
         ----           --      ----
   0x800'133d   0x807'ffff  0x7'ecc3
  0x2000'0024  0x2000'0027       0x4
  0x2000'1028  0x2000'7fff    0x6fd8


*******************************************************************************
*** INIT TABLE
***

          Address      Size
          -------      ----
Copy/packbits (__iar_packbits_init_single3)
    1 source range, total size 0x15 (58% of destination):
           0x800'1328  0x15
    1 destination range, total size 0x24:
          0x2000'0000  0x24



*******************************************************************************
*** MODULE SUMMARY
***

    Module                  ro code  ro data  rw data
    ------                  -------  -------  -------
command line/config:
    -------------------------------------------------
    Total:

C:\Embedded\week3\Debug\Obj\CoreSupport: [1]
    -------------------------------------------------
    Total:

C:\Embedded\week3\Debug\Obj\Libraries\CMSIS\DeviceSupport: [2]
    system_stm32f10x.o          336
    -------------------------------------------------
    Total:                      336

C:\Embedded\week3\Debug\Obj\Libraries\CMSIS\DeviceSupport\Startup: [3]
    startup_stm32f10x_cl.o      632
    -------------------------------------------------
    Total:                      632

C:\Embedded\week3\Debug\Obj\Libraries\LCD: [4]
    -------------------------------------------------
    Total:

C:\Embedded\week3\Debug\Obj\Libraries\STM32F10x_StdPeriph_Driver_v3.5\src: [5]
    misc.o                      128
    stm32f10x_adc.o             416
    stm32f10x_dma.o              84
    stm32f10x_exti.o            180
    stm32f10x_gpio.o            296
    stm32f10x_rcc.o             364       11       20
    stm32f10x_tim.o             400
    stm32f10x_usart.o           422
    -------------------------------------------------
    Total:                    2'290       11       20

C:\Embedded\week3\Debug\Obj\user: [6]
    main.o                    1'412       10       16
    stm32f10x_it.o               18
    -------------------------------------------------
    Total:                    1'430       10       16

dl7M_tln.a: [7]
    exit.o                        4
    low_level_init.o              4
    -------------------------------------------------
    Total:                        8

m7M_tl.a: [8]
    -------------------------------------------------
    Total:

rt7M_tl.a: [9]
    cexit.o                      10
    cmain.o                      30
    cstartup_M.o                 28
    data_init.o                  40
    packbits_init_single.o       58
    -------------------------------------------------
    Total:                      166

shb_l.a: [10]
    exit.o                       20
    -------------------------------------------------
    Total:                       20

    Gaps                          6
    Linker created                        16    4'096
-----------------------------------------------------
    Grand Total:              4'888       37    4'132


*******************************************************************************
*** ENTRY LIST
***

Entry                       Address   Size  Type      Object
-----                       -------   ----  ----      ------
.iar.init_table$$Base    0x800'1178          --   Gb  - Linker created -
.iar.init_table$$Limit   0x800'1188          --   Gb  - Linker created -
?main                    0x800'1189         Code  Gb  cmain.o [9]
ADC1_2_IRQHandler        0x800'127d         Code  Wk  startup_stm32f10x_cl.o [3]
ADCPrescTable           0x2000'0010    0x4  Data  Lc  stm32f10x_rcc.o [5]
ADC_Cmd                  0x800'0abb   0x1a  Code  Gb  stm32f10x_adc.o [5]
ADC_Configure            0x800'0391   0x76  Code  Gb  main.o [6]
ADC_DMACmd               0x800'0ad5   0x1a  Code  Gb  stm32f10x_adc.o [5]
ADC_GetCalibrationStatus
                         0x800'0b15   0x12  Code  Gb  stm32f10x_adc.o [5]
ADC_GetResetCalibrationStatus
                         0x800'0af9   0x12  Code  Gb  stm32f10x_adc.o [5]
ADC_Init                 0x800'0a71   0x4a  Code  Gb  stm32f10x_adc.o [5]
ADC_RegularChannelConfig
                         0x800'0b41   0xc6  Code  Gb  stm32f10x_adc.o [5]
ADC_ResetCalibration     0x800'0aef    0xa  Code  Gb  stm32f10x_adc.o [5]
ADC_SoftwareStartConvCmd
                         0x800'0b27   0x1a  Code  Gb  stm32f10x_adc.o [5]
ADC_StartCalibration     0x800'0b0b    0xa  Code  Gb  stm32f10x_adc.o [5]
ADC_Value               0x2000'0014    0x8  Data  Gb  main.o [6]
APBAHBPrescTable        0x2000'0000   0x10  Data  Lc  stm32f10x_rcc.o [5]
BusFault_Handler         0x800'11f3    0x2  Code  Gb  stm32f10x_it.o [6]
CAN1_RX0_IRQHandler      0x800'1285         Code  Wk  startup_stm32f10x_cl.o [3]
CAN1_RX1_IRQHandler      0x800'1289         Code  Wk  startup_stm32f10x_cl.o [3]
CAN1_SCE_IRQHandler      0x800'128d         Code  Wk  startup_stm32f10x_cl.o [3]
CAN1_TX_IRQHandler       0x800'1281         Code  Wk  startup_stm32f10x_cl.o [3]
CAN2_RX0_IRQHandler      0x800'1319         Code  Wk  startup_stm32f10x_cl.o [3]
CAN2_RX1_IRQHandler      0x800'131d         Code  Wk  startup_stm32f10x_cl.o [3]
CAN2_SCE_IRQHandler      0x800'1321         Code  Wk  startup_stm32f10x_cl.o [3]
CAN2_TX_IRQHandler       0x800'1315         Code  Wk  startup_stm32f10x_cl.o [3]
CSTACK$$Base            0x2000'0028          --   Gb  - Linker created -
CSTACK$$Limit           0x2000'1028          --   Gb  - Linker created -
DMA1_Channel1_IRQHandler
                         0x800'1261         Code  Wk  startup_stm32f10x_cl.o [3]
DMA1_Channel2_IRQHandler
                         0x800'1265         Code  Wk  startup_stm32f10x_cl.o [3]
DMA1_Channel3_IRQHandler
                         0x800'1269         Code  Wk  startup_stm32f10x_cl.o [3]
DMA1_Channel4_IRQHandler
                         0x800'126d         Code  Wk  startup_stm32f10x_cl.o [3]
DMA1_Channel5_IRQHandler
                         0x800'1271         Code  Wk  startup_stm32f10x_cl.o [3]
DMA1_Channel6_IRQHandler
                         0x800'1275         Code  Wk  startup_stm32f10x_cl.o [3]
DMA1_Channel7_IRQHandler
                         0x800'1279         Code  Wk  startup_stm32f10x_cl.o [3]
DMA2_Channel1_IRQHandler
                         0x800'12f9         Code  Wk  startup_stm32f10x_cl.o [3]
DMA2_Channel2_IRQHandler
                         0x800'12fd         Code  Wk  startup_stm32f10x_cl.o [3]
DMA2_Channel3_IRQHandler
                         0x800'1301         Code  Wk  startup_stm32f10x_cl.o [3]
DMA2_Channel4_IRQHandler
                         0x800'1305         Code  Wk  startup_stm32f10x_cl.o [3]
DMA2_Channel5_IRQHandler
                         0x800'1309         Code  Wk  startup_stm32f10x_cl.o [3]
DMA_Cmd                  0x800'0a55   0x1c  Code  Gb  stm32f10x_dma.o [5]
DMA_Configure            0x800'0343   0x4e  Code  Gb  main.o [6]
DMA_Init                 0x800'0a1d   0x38  Code  Gb  stm32f10x_dma.o [5]
DebugMon_Handler         0x800'11f9    0x2  Code  Gb  stm32f10x_it.o [6]
ETH_IRQHandler           0x800'130d         Code  Wk  startup_stm32f10x_cl.o [3]
ETH_WKUP_IRQHandler      0x800'1311         Code  Wk  startup_stm32f10x_cl.o [3]
EXTI0_IRQHandler         0x800'124d         Code  Wk  startup_stm32f10x_cl.o [3]
EXTI15_10_IRQHandler     0x800'05db   0x38  Code  Gb  main.o [6]
EXTI1_IRQHandler         0x800'05ad   0x2e  Code  Gb  main.o [6]
EXTI2_IRQHandler         0x800'1255         Code  Wk  startup_stm32f10x_cl.o [3]
EXTI3_IRQHandler         0x800'1259         Code  Wk  startup_stm32f10x_cl.o [3]
EXTI4_IRQHandler         0x800'125d         Code  Wk  startup_stm32f10x_cl.o [3]
EXTI9_5_IRQHandler       0x800'1291         Code  Wk  startup_stm32f10x_cl.o [3]
EXTI_ClearITPendingBit   0x800'0a01    0x6  Code  Gb  stm32f10x_exti.o [5]
EXTI_Configure           0x800'02f5   0x4e  Code  Gb  main.o [6]
EXTI_GetITStatus         0x800'09e1   0x20  Code  Gb  stm32f10x_exti.o [5]
EXTI_Init                0x800'0969   0x78  Code  Gb  stm32f10x_exti.o [5]
FLASH_IRQHandler         0x800'1245         Code  Wk  startup_stm32f10x_cl.o [3]
GPIO_EXTILineConfig      0x800'0917   0x4c  Code  Gb  stm32f10x_gpio.o [5]
GPIO_Init                0x800'0841   0xc2  Code  Gb  stm32f10x_gpio.o [5]
GPIO_ReadInputDataBit    0x800'0903   0x14  Code  Gb  stm32f10x_gpio.o [5]
GpioInit                 0x800'01d9  0x11c  Code  Gb  main.o [6]
HardFault_Handler        0x800'11ef    0x2  Code  Gb  stm32f10x_it.o [6]
I2C1_ER_IRQHandler       0x800'12b5         Code  Wk  startup_stm32f10x_cl.o [3]
I2C1_EV_IRQHandler       0x800'12b1         Code  Wk  startup_stm32f10x_cl.o [3]
I2C2_ER_IRQHandler       0x800'12bd         Code  Wk  startup_stm32f10x_cl.o [3]
I2C2_EV_IRQHandler       0x800'12b9         Code  Wk  startup_stm32f10x_cl.o [3]
MemManage_Handler        0x800'11f1    0x2  Code  Gb  stm32f10x_it.o [6]
NMI_Handler              0x800'11ed    0x2  Code  Gb  stm32f10x_it.o [6]
NVIC_Configure           0x800'0407   0xb4  Code  Gb  main.o [6]
NVIC_Init                0x800'0c1b   0x60  Code  Gb  misc.o [5]
NVIC_PriorityGroupConfig
                         0x800'0c11    0xa  Code  Gb  misc.o [5]
OTG_FS_IRQHandler        0x800'1325         Code  Wk  startup_stm32f10x_cl.o [3]
OTG_FS_WKUP_IRQHandler   0x800'12dd         Code  Wk  startup_stm32f10x_cl.o [3]
PVD_IRQHandler           0x800'1239         Code  Wk  startup_stm32f10x_cl.o [3]
PendSV_Handler           0x800'11fb    0x2  Code  Gb  stm32f10x_it.o [6]
RCCInit                  0x800'016f   0x6a  Code  Gb  main.o [6]
RCC_AHBPeriphClockCmd    0x800'07c3   0x1c  Code  Gb  stm32f10x_rcc.o [5]
RCC_APB1PeriphClockCmd   0x800'07fb   0x1c  Code  Gb  stm32f10x_rcc.o [5]
RCC_APB2PeriphClockCmd   0x800'07df   0x1c  Code  Gb  stm32f10x_rcc.o [5]
RCC_GetClocksFreq        0x800'06d5   0xee  Code  Gb  stm32f10x_rcc.o [5]
RCC_IRQHandler           0x800'1249         Code  Wk  startup_stm32f10x_cl.o [3]
RTCAlarm_IRQHandler      0x800'12d9         Code  Wk  startup_stm32f10x_cl.o [3]
RTC_IRQHandler           0x800'1241         Code  Wk  startup_stm32f10x_cl.o [3]
Region$$Table$$Base      0x800'1178          --   Gb  - Linker created -
Region$$Table$$Limit     0x800'1188          --   Gb  - Linker created -
Reset_Handler            0x800'1201         Code  Wk  startup_stm32f10x_cl.o [3]
SPI1_IRQHandler          0x800'12c1         Code  Wk  startup_stm32f10x_cl.o [3]
SPI2_IRQHandler          0x800'12c5         Code  Wk  startup_stm32f10x_cl.o [3]
SPI3_IRQHandler          0x800'12e5         Code  Wk  startup_stm32f10x_cl.o [3]
SVC_Handler              0x800'11f7    0x2  Code  Gb  stm32f10x_it.o [6]
SetSysClock              0x800'1053    0x8  Code  Lc  system_stm32f10x.o [2]
SetSysClockTo72          0x800'105b   0xd2  Code  Lc  system_stm32f10x.o [2]
SysTick_Handler          0x800'11fd    0x2  Code  Gb  stm32f10x_it.o [6]
SystemInit               0x800'1001   0x52  Code  Gb  system_stm32f10x.o [2]
TAMPER_IRQHandler        0x800'123d         Code  Wk  startup_stm32f10x_cl.o [3]
TIM1_BRK_IRQHandler      0x800'1295         Code  Wk  startup_stm32f10x_cl.o [3]
TIM1_CC_IRQHandler       0x800'12a1         Code  Wk  startup_stm32f10x_cl.o [3]
TIM1_TRG_COM_IRQHandler
                         0x800'129d         Code  Wk  startup_stm32f10x_cl.o [3]
TIM1_UP_IRQHandler       0x800'1299         Code  Wk  startup_stm32f10x_cl.o [3]
TIM2_IRQHandler          0x800'12a5         Code  Wk  startup_stm32f10x_cl.o [3]
TIM3_IRQHandler          0x800'12a9         Code  Wk  startup_stm32f10x_cl.o [3]
TIM4_IRQHandler          0x800'12ad         Code  Wk  startup_stm32f10x_cl.o [3]
TIM5_IRQHandler          0x800'12e1         Code  Wk  startup_stm32f10x_cl.o [3]
TIM6_IRQHandler          0x800'12f1         Code  Wk  startup_stm32f10x_cl.o [3]
TIM7_IRQHandler          0x800'12f5         Code  Wk  startup_stm32f10x_cl.o [3]
TIM_ARRPreloadConfig     0x800'0dc7   0x1c  Code  Gb  stm32f10x_tim.o [5]
TIM_Cmd                  0x800'0dab   0x1c  Code  Gb  stm32f10x_tim.o [5]
TIM_Configure            0x800'04bb   0x66  Code  Gb  main.o [6]
TIM_OC3Init              0x800'0d23   0x88  Code  Gb  stm32f10x_tim.o [5]
TIM_OC3PreloadConfig     0x800'0de3   0x10  Code  Gb  stm32f10x_tim.o [5]
TIM_TimeBaseInit         0x800'0c91   0x92  Code  Gb  stm32f10x_tim.o [5]
UART4_IRQHandler         0x800'12e9         Code  Wk  startup_stm32f10x_cl.o [3]
UART5_IRQHandler         0x800'12ed         Code  Wk  startup_stm32f10x_cl.o [3]
USART1_IRQHandler        0x800'0613   0x2e  Code  Gb  main.o [6]
USART1_Init              0x800'0521   0x46  Code  Gb  main.o [6]
USART2_IRQHandler        0x800'0641   0x2e  Code  Gb  main.o [6]
USART2_Init              0x800'0567   0x46  Code  Gb  main.o [6]
USART3_IRQHandler        0x800'12d1         Code  Wk  startup_stm32f10x_cl.o [3]
USART_ClearITPendingBit
                         0x800'0fb1   0x16  Code  Gb  stm32f10x_usart.o [5]
USART_Cmd                0x800'0ee1   0x1c  Code  Gb  stm32f10x_usart.o [5]
USART_GetITStatus        0x800'0f57   0x5a  Code  Gb  stm32f10x_usart.o [5]
USART_ITConfig           0x800'0efd   0x4a  Code  Gb  stm32f10x_usart.o [5]
USART_Init               0x800'0e21   0xba  Code  Gb  stm32f10x_usart.o [5]
USART_ReceiveData        0x800'0f4f    0x8  Code  Gb  stm32f10x_usart.o [5]
USART_SendData           0x800'0f47    0x8  Code  Gb  stm32f10x_usart.o [5]
UsageFault_Handler       0x800'11f5    0x2  Code  Gb  stm32f10x_it.o [6]
WWDG_IRQHandler          0x800'1235         Code  Wk  startup_stm32f10x_cl.o [3]
__NVIC_EnableIRQ         0x800'0151   0x1e  Code  Lc  main.o [6]
__cmain                  0x800'1189         Code  Gb  cmain.o [9]
__exit                   0x800'11bd   0x14  Code  Gb  exit.o [10]
__iar_data_init3         0x800'1151   0x28  Code  Gb  data_init.o [9]
__iar_packbits_init_single3
                         0x800'0fc7   0x3a  Code  Gb  packbits_init_single.o [9]
__iar_program_start      0x800'11d1         Code  Gb  cstartup_M.o [9]
__low_level_init         0x800'11a7    0x4  Code  Gb  low_level_init.o [7]
__vector_table           0x800'0000         Data  Gb  startup_stm32f10x_cl.o [3]
_call_main               0x800'1195         Code  Gb  cmain.o [9]
_exit                    0x800'11b1         Code  Gb  cexit.o [9]
btnFlag                 0x2000'0020    0x4  Data  Gb  main.o [6]
exit                     0x800'11ab    0x4  Code  Gb  exit.o [7]
main                     0x800'06a9   0x2c  Code  Gb  main.o [6]
sensorFlag              0x2000'001c    0x4  Data  Gb  main.o [6]


[1] = C:\Embedded\week3\Debug\Obj\CoreSupport
[2] = C:\Embedded\week3\Debug\Obj\Libraries\CMSIS\DeviceSupport
[3] = C:\Embedded\week3\Debug\Obj\Libraries\CMSIS\DeviceSupport\Startup
[4] = C:\Embedded\week3\Debug\Obj\Libraries\LCD
[5] = C:\Embedded\week3\Debug\Obj\Libraries\STM32F10x_StdPeriph_Driver_v3.5\src
[6] = C:\Embedded\week3\Debug\Obj\user
[7] = dl7M_tln.a
[8] = m7M_tl.a
[9] = rt7M_tl.a
[10] = shb_l.a

  4'888 bytes of readonly  code memory
     37 bytes of readonly  data memory
  4'132 bytes of readwrite data memory

Errors: none
Warnings: none
