###############################################################################
#
# IAR ELF Linker V9.30.1.335/W64 for ARM                  22/Dec/2022  16:48:10
# Copyright 2007-2022 IAR Systems AB.
#
#    Output file  =  C:\Embedded\week3\Debug\Exe\week3.out
#    Map file     =  C:\Embedded\week3\Debug\List\week3.map
#    Command line =
#        -f C:\Embedded\week3\Debug\Exe\week3.out.rsp
#        (C:\Embedded\week3\Debug\Obj\CoreSupport\core_cm3.o
#        C:\Embedded\week3\Debug\Obj\Libraries\LCD\lcd.o
#        C:\Embedded\week3\Debug\Obj\user\main.o
#        C:\Embedded\week3\Debug\Obj\Libraries\STM32F10x_StdPeriph_Driver_v3.5\src\misc.o
#        C:\Embedded\week3\Debug\Obj\Libraries\CMSIS\DeviceSupport\Startup\startup_stm32f10x_cl.o
#        C:\Embedded\week3\Debug\Obj\Libraries\STM32F10x_StdPeriph_Driver_v3.5\src\stm32f10x_adc.o
#        C:\Embedded\week3\Debug\Obj\Libraries\STM32F10x_StdPeriph_Driver_v3.5\src\stm32f10x_bkp.o
#        C:\Embedded\week3\Debug\Obj\Libraries\STM32F10x_StdPeriph_Driver_v3.5\src\stm32f10x_can.o
#        C:\Embedded\week3\Debug\Obj\Libraries\STM32F10x_StdPeriph_Driver_v3.5\src\stm32f10x_cec.o
#        C:\Embedded\week3\Debug\Obj\Libraries\STM32F10x_StdPeriph_Driver_v3.5\src\stm32f10x_crc.o
#        C:\Embedded\week3\Debug\Obj\Libraries\STM32F10x_StdPeriph_Driver_v3.5\src\stm32f10x_dac.o
#        C:\Embedded\week3\Debug\Obj\Libraries\STM32F10x_StdPeriph_Driver_v3.5\src\stm32f10x_dbgmcu.o
#        C:\Embedded\week3\Debug\Obj\Libraries\STM32F10x_StdPeriph_Driver_v3.5\src\stm32f10x_dma.o
#        C:\Embedded\week3\Debug\Obj\Libraries\STM32F10x_StdPeriph_Driver_v3.5\src\stm32f10x_exti.o
#        C:\Embedded\week3\Debug\Obj\Libraries\STM32F10x_StdPeriph_Driver_v3.5\src\stm32f10x_flash.o
#        C:\Embedded\week3\Debug\Obj\Libraries\STM32F10x_StdPeriph_Driver_v3.5\src\stm32f10x_fsmc.o
#        C:\Embedded\week3\Debug\Obj\Libraries\STM32F10x_StdPeriph_Driver_v3.5\src\stm32f10x_gpio.o
#        C:\Embedded\week3\Debug\Obj\Libraries\STM32F10x_StdPeriph_Driver_v3.5\src\stm32f10x_i2c.o
#        C:\Embedded\week3\Debug\Obj\user\stm32f10x_it.o
#        C:\Embedded\week3\Debug\Obj\Libraries\STM32F10x_StdPeriph_Driver_v3.5\src\stm32f10x_iwdg.o
#        C:\Embedded\week3\Debug\Obj\Libraries\STM32F10x_StdPeriph_Driver_v3.5\src\stm32f10x_pwr.o
#        C:\Embedded\week3\Debug\Obj\Libraries\STM32F10x_StdPeriph_Driver_v3.5\src\stm32f10x_rcc.o
#        C:\Embedded\week3\Debug\Obj\Libraries\STM32F10x_StdPeriph_Driver_v3.5\src\stm32f10x_rtc.o
#        C:\Embedded\week3\Debug\Obj\Libraries\STM32F10x_StdPeriph_Driver_v3.5\src\stm32f10x_sdio.o
#        C:\Embedded\week3\Debug\Obj\Libraries\STM32F10x_StdPeriph_Driver_v3.5\src\stm32f10x_spi.o
#        C:\Embedded\week3\Debug\Obj\Libraries\STM32F10x_StdPeriph_Driver_v3.5\src\stm32f10x_tim.o
#        C:\Embedded\week3\Debug\Obj\Libraries\STM32F10x_StdPeriph_Driver_v3.5\src\stm32f10x_usart.o
#        C:\Embedded\week3\Debug\Obj\Libraries\STM32F10x_StdPeriph_Driver_v3.5\src\stm32f10x_wwdg.o
#        C:\Embedded\week3\Debug\Obj\Libraries\CMSIS\DeviceSupport\system_stm32f10x.o
#        C:\Embedded\week3\Debug\Obj\Libraries\LCD\touch.o --no_out_extension
#        -o C:\Embedded\week3\Debug\Exe\week3.out --map
#        C:\Embedded\week3\Debug\List\week3.map --log
#        libraries,initialization,modules,redirects,sections,veneers,unused_fragments,call_graph
#        --log_file C:\Embedded\week3\Debug\List\week3.log --config
#        "C:\Users\user\Downloads\icf ÆÄÀÏ\myicf.icf" --semihosting --entry
#        __iar_program_start --vfe --text_out locale --cpu=Cortex-M3
#        --fpu=None)
#
###############################################################################

*******************************************************************************
*** RUNTIME MODEL ATTRIBUTES
***

CppFlavor       = *
__CPP_Runtime   = 1
__SystemLibrary = DLib
__dlib_version  = 6


*******************************************************************************
*** HEAP SELECTION
***

The basic heap was selected because --advanced_heap
was not specified and the application did not appear to
be primarily optimized for speed.


*******************************************************************************
*** PLACEMENT SUMMARY
***

"A0":  place at address 0x800'0000 { ro section .intvec };
"P1":  place in [from 0x800'0000 to 0x1fff'afff] { ro };
define block CSTACK with size = 4K, alignment = 8 { };
define block HEAP with size = 4K, alignment = 8 { };
"P2":  place in [from 0x2000'0000 to 0x3fff'ffff] {
          rw, block CSTACK, block HEAP };

  Section          Kind         Address    Size  Object
  -------          ----         -------    ----  ------
"A0":                                     0x150
  .intvec          ro code   0x800'0000   0x150  startup_stm32f10x_cl.o [3]
                           - 0x800'0150   0x150

"P1":                                     0xe00
  .text            ro code   0x800'0150   0x3fc  main.o [6]
  .text            ro code   0x800'054c    0x60  stm32f10x_rcc.o [5]
  .text            ro code   0x800'05ac   0x134  stm32f10x_gpio.o [5]
  .text            ro code   0x800'06e0    0xb4  stm32f10x_exti.o [5]
  .text            ro code   0x800'0794    0xac  stm32f10x_dma.o [5]
  .text            ro code   0x800'0840   0x1a0  stm32f10x_adc.o [5]
  .text            ro code   0x800'09e0    0x80  misc.o [5]
  .text            ro code   0x800'0a60   0x190  stm32f10x_tim.o [5]
  .text            ro code   0x800'0bf0   0x150  system_stm32f10x.o [2]
  .text            ro code   0x800'0d40    0x38  zero_init3.o [9]
  .text            ro code   0x800'0d78    0x28  data_init.o [9]
  .iar.init_table  const     0x800'0da0    0x10  - Linker created -
  .text            ro code   0x800'0db0    0x1e  cmain.o [9]
  .text            ro code   0x800'0dce     0x4  low_level_init.o [7]
  .text            ro code   0x800'0dd2     0x4  exit.o [7]
  .text            ro code   0x800'0dd8     0xa  cexit.o [9]
  .text            ro code   0x800'0de4    0x14  exit.o [10]
  .text            ro code   0x800'0df8    0x1c  cstartup_M.o [9]
  .text            ro code   0x800'0e14    0x12  stm32f10x_it.o [6]
  .text            ro code   0x800'0e28    0x10  startup_stm32f10x_cl.o [3]
  .text            ro code   0x800'0e38     0x4  startup_stm32f10x_cl.o [3]
  .text            ro code   0x800'0e3c     0x4  startup_stm32f10x_cl.o [3]
  .text            ro code   0x800'0e40     0x4  startup_stm32f10x_cl.o [3]
  .text            ro code   0x800'0e44     0x4  startup_stm32f10x_cl.o [3]
  .text            ro code   0x800'0e48     0x4  startup_stm32f10x_cl.o [3]
  .text            ro code   0x800'0e4c     0x4  startup_stm32f10x_cl.o [3]
  .text            ro code   0x800'0e50     0x4  startup_stm32f10x_cl.o [3]
  .text            ro code   0x800'0e54     0x4  startup_stm32f10x_cl.o [3]
  .text            ro code   0x800'0e58     0x4  startup_stm32f10x_cl.o [3]
  .text            ro code   0x800'0e5c     0x4  startup_stm32f10x_cl.o [3]
  .text            ro code   0x800'0e60     0x4  startup_stm32f10x_cl.o [3]
  .text            ro code   0x800'0e64     0x4  startup_stm32f10x_cl.o [3]
  .text            ro code   0x800'0e68     0x4  startup_stm32f10x_cl.o [3]
  .text            ro code   0x800'0e6c     0x4  startup_stm32f10x_cl.o [3]
  .text            ro code   0x800'0e70     0x4  startup_stm32f10x_cl.o [3]
  .text            ro code   0x800'0e74     0x4  startup_stm32f10x_cl.o [3]
  .text            ro code   0x800'0e78     0x4  startup_stm32f10x_cl.o [3]
  .text            ro code   0x800'0e7c     0x4  startup_stm32f10x_cl.o [3]
  .text            ro code   0x800'0e80     0x4  startup_stm32f10x_cl.o [3]
  .text            ro code   0x800'0e84     0x4  startup_stm32f10x_cl.o [3]
  .text            ro code   0x800'0e88     0x4  startup_stm32f10x_cl.o [3]
  .text            ro code   0x800'0e8c     0x4  startup_stm32f10x_cl.o [3]
  .text            ro code   0x800'0e90     0x4  startup_stm32f10x_cl.o [3]
  .text            ro code   0x800'0e94     0x4  startup_stm32f10x_cl.o [3]
  .text            ro code   0x800'0e98     0x4  startup_stm32f10x_cl.o [3]
  .text            ro code   0x800'0e9c     0x4  startup_stm32f10x_cl.o [3]
  .text            ro code   0x800'0ea0     0x4  startup_stm32f10x_cl.o [3]
  .text            ro code   0x800'0ea4     0x4  startup_stm32f10x_cl.o [3]
  .text            ro code   0x800'0ea8     0x4  startup_stm32f10x_cl.o [3]
  .text            ro code   0x800'0eac     0x4  startup_stm32f10x_cl.o [3]
  .text            ro code   0x800'0eb0     0x4  startup_stm32f10x_cl.o [3]
  .text            ro code   0x800'0eb4     0x4  startup_stm32f10x_cl.o [3]
  .text            ro code   0x800'0eb8     0x4  startup_stm32f10x_cl.o [3]
  .text            ro code   0x800'0ebc     0x4  startup_stm32f10x_cl.o [3]
  .text            ro code   0x800'0ec0     0x4  startup_stm32f10x_cl.o [3]
  .text            ro code   0x800'0ec4     0x4  startup_stm32f10x_cl.o [3]
  .text            ro code   0x800'0ec8     0x4  startup_stm32f10x_cl.o [3]
  .text            ro code   0x800'0ecc     0x4  startup_stm32f10x_cl.o [3]
  .text            ro code   0x800'0ed0     0x4  startup_stm32f10x_cl.o [3]
  .text            ro code   0x800'0ed4     0x4  startup_stm32f10x_cl.o [3]
  .text            ro code   0x800'0ed8     0x4  startup_stm32f10x_cl.o [3]
  .text            ro code   0x800'0edc     0x4  startup_stm32f10x_cl.o [3]
  .text            ro code   0x800'0ee0     0x4  startup_stm32f10x_cl.o [3]
  .text            ro code   0x800'0ee4     0x4  startup_stm32f10x_cl.o [3]
  .text            ro code   0x800'0ee8     0x4  startup_stm32f10x_cl.o [3]
  .text            ro code   0x800'0eec     0x4  startup_stm32f10x_cl.o [3]
  .text            ro code   0x800'0ef0     0x4  startup_stm32f10x_cl.o [3]
  .text            ro code   0x800'0ef4     0x4  startup_stm32f10x_cl.o [3]
  .text            ro code   0x800'0ef8     0x4  startup_stm32f10x_cl.o [3]
  .text            ro code   0x800'0efc     0x4  startup_stm32f10x_cl.o [3]
  .text            ro code   0x800'0f00     0x4  startup_stm32f10x_cl.o [3]
  .text            ro code   0x800'0f04     0x4  startup_stm32f10x_cl.o [3]
  .text            ro code   0x800'0f08     0x4  startup_stm32f10x_cl.o [3]
  .text            ro code   0x800'0f0c     0x4  startup_stm32f10x_cl.o [3]
  .text            ro code   0x800'0f10     0x4  startup_stm32f10x_cl.o [3]
  .text            ro code   0x800'0f14     0x4  startup_stm32f10x_cl.o [3]
  .text            ro code   0x800'0f18     0x4  startup_stm32f10x_cl.o [3]
  .text            ro code   0x800'0f1c     0x4  startup_stm32f10x_cl.o [3]
  .text            ro code   0x800'0f20     0x4  startup_stm32f10x_cl.o [3]
  .text            ro code   0x800'0f24     0x4  startup_stm32f10x_cl.o [3]
  .text            ro code   0x800'0f28     0x4  startup_stm32f10x_cl.o [3]
  .text            ro code   0x800'0f2c     0x4  startup_stm32f10x_cl.o [3]
  .text            ro code   0x800'0f30     0x4  startup_stm32f10x_cl.o [3]
  .text            ro code   0x800'0f34     0x4  startup_stm32f10x_cl.o [3]
  .text            ro code   0x800'0f38     0x4  startup_stm32f10x_cl.o [3]
  .text            ro code   0x800'0f3c     0x4  startup_stm32f10x_cl.o [3]
  .text            ro code   0x800'0f40     0x4  startup_stm32f10x_cl.o [3]
  .text            ro code   0x800'0f44     0x4  startup_stm32f10x_cl.o [3]
  .text            ro code   0x800'0f48     0x4  startup_stm32f10x_cl.o [3]
  .text            ro code   0x800'0f4c     0x4  startup_stm32f10x_cl.o [3]
  .rodata          const     0x800'0f50     0x0  zero_init3.o [9]
                           - 0x800'0f50   0xe00

"P2", part 1 of 2:                          0xc
  .bss             zero     0x2000'0000     0x4  main.o [6]
  .bss             zero     0x2000'0004     0x4  main.o [6]
  .bss             zero     0x2000'0008     0x2  main.o [6]
                          - 0x2000'000a     0xa

"P2", part 2 of 2:                       0x1000
  CSTACK                    0x2000'0010  0x1000  <Block>
    CSTACK         uninit   0x2000'0010  0x1000  <Block tail>
                          - 0x2000'1010  0x1000

Unused ranges:

         From           To         Size
         ----           --         ----
   0x800'0f50  0x1fff'afff  0x17ff'a0b0
  0x2000'000c  0x2000'000f          0x4
  0x2000'1010  0x3fff'ffff  0x1fff'eff0


*******************************************************************************
*** INIT TABLE
***

          Address      Size
          -------      ----
Zero (__iar_zero_init3)
    1 destination range, total size 0xa:
          0x2000'0000   0xa



*******************************************************************************
*** MODULE SUMMARY
***

    Module                  ro code  ro data  rw data
    ------                  -------  -------  -------
command line/config:
    -------------------------------------------------
    Total:

C:\Embedded\week3\Debug\Obj\CoreSupport: [1]
    -------------------------------------------------
    Total:

C:\Embedded\week3\Debug\Obj\Libraries\CMSIS\DeviceSupport: [2]
    system_stm32f10x.o          336
    -------------------------------------------------
    Total:                      336

C:\Embedded\week3\Debug\Obj\Libraries\CMSIS\DeviceSupport\Startup: [3]
    startup_stm32f10x_cl.o      632
    -------------------------------------------------
    Total:                      632

C:\Embedded\week3\Debug\Obj\Libraries\LCD: [4]
    -------------------------------------------------
    Total:

C:\Embedded\week3\Debug\Obj\Libraries\STM32F10x_StdPeriph_Driver_v3.5\src: [5]
    misc.o                      128
    stm32f10x_adc.o             416
    stm32f10x_dma.o             172
    stm32f10x_exti.o            180
    stm32f10x_gpio.o            308
    stm32f10x_rcc.o              96
    stm32f10x_tim.o             400
    -------------------------------------------------
    Total:                    1'700

C:\Embedded\week3\Debug\Obj\user: [6]
    main.o                    1'020                10
    stm32f10x_it.o               18
    -------------------------------------------------
    Total:                    1'038                10

dl7M_tln.a: [7]
    exit.o                        4
    low_level_init.o              4
    -------------------------------------------------
    Total:                        8

m7M_tl.a: [8]
    -------------------------------------------------
    Total:

rt7M_tl.a: [9]
    cexit.o                      10
    cmain.o                      30
    cstartup_M.o                 28
    data_init.o                  40
    zero_init3.o                 56
    -------------------------------------------------
    Total:                      164

shb_l.a: [10]
    exit.o                       20
    -------------------------------------------------
    Total:                       20

    Gaps                          6
    Linker created                        16    4'096
-----------------------------------------------------
    Grand Total:              3'904       16    4'106


*******************************************************************************
*** ENTRY LIST
***

Entry                       Address  Size  Type      Object
-----                       -------  ----  ----      ------
.iar.init_table$$Base    0x800'0da0         --   Gb  - Linker created -
.iar.init_table$$Limit   0x800'0db0         --   Gb  - Linker created -
?main                    0x800'0db1        Code  Gb  cmain.o [9]
ADC1_2_IRQHandler        0x800'0ea5        Code  Wk  startup_stm32f10x_cl.o [3]
ADC_Cmd                  0x800'088b  0x1a  Code  Gb  stm32f10x_adc.o [5]
ADC_Configure            0x800'02a1  0x76  Code  Gb  main.o [6]
ADC_DMACmd               0x800'08a5  0x1a  Code  Gb  stm32f10x_adc.o [5]
ADC_GetCalibrationStatus
                         0x800'08e5  0x12  Code  Gb  stm32f10x_adc.o [5]
ADC_GetResetCalibrationStatus
                         0x800'08c9  0x12  Code  Gb  stm32f10x_adc.o [5]
ADC_Init                 0x800'0841  0x4a  Code  Gb  stm32f10x_adc.o [5]
ADC_RegularChannelConfig
                         0x800'0911  0xc6  Code  Gb  stm32f10x_adc.o [5]
ADC_ResetCalibration     0x800'08bf   0xa  Code  Gb  stm32f10x_adc.o [5]
ADC_SoftwareStartConvCmd
                         0x800'08f7  0x1a  Code  Gb  stm32f10x_adc.o [5]
ADC_StartCalibration     0x800'08db   0xa  Code  Gb  stm32f10x_adc.o [5]
ADC_Value               0x2000'0008   0x2  Data  Gb  main.o [6]
BusFault_Handler         0x800'0e1b   0x2  Code  Gb  stm32f10x_it.o [6]
CAN1_RX0_IRQHandler      0x800'0ead        Code  Wk  startup_stm32f10x_cl.o [3]
CAN1_RX1_IRQHandler      0x800'0eb1        Code  Wk  startup_stm32f10x_cl.o [3]
CAN1_SCE_IRQHandler      0x800'0eb5        Code  Wk  startup_stm32f10x_cl.o [3]
CAN1_TX_IRQHandler       0x800'0ea9        Code  Wk  startup_stm32f10x_cl.o [3]
CAN2_RX0_IRQHandler      0x800'0f41        Code  Wk  startup_stm32f10x_cl.o [3]
CAN2_RX1_IRQHandler      0x800'0f45        Code  Wk  startup_stm32f10x_cl.o [3]
CAN2_SCE_IRQHandler      0x800'0f49        Code  Wk  startup_stm32f10x_cl.o [3]
CAN2_TX_IRQHandler       0x800'0f3d        Code  Wk  startup_stm32f10x_cl.o [3]
CSTACK$$Base            0x2000'0010         --   Gb  - Linker created -
CSTACK$$Limit           0x2000'1010         --   Gb  - Linker created -
ControlPWM               0x800'044f  0x24  Code  Gb  main.o [6]
DMA1_Channel1_IRQHandler
                         0x800'0421  0x2e  Code  Gb  main.o [6]
DMA1_Channel2_IRQHandler
                         0x800'0e8d        Code  Wk  startup_stm32f10x_cl.o [3]
DMA1_Channel3_IRQHandler
                         0x800'0e91        Code  Wk  startup_stm32f10x_cl.o [3]
DMA1_Channel4_IRQHandler
                         0x800'0e95        Code  Wk  startup_stm32f10x_cl.o [3]
DMA1_Channel5_IRQHandler
                         0x800'0e99        Code  Wk  startup_stm32f10x_cl.o [3]
DMA1_Channel6_IRQHandler
                         0x800'0e9d        Code  Wk  startup_stm32f10x_cl.o [3]
DMA1_Channel7_IRQHandler
                         0x800'0ea1        Code  Wk  startup_stm32f10x_cl.o [3]
DMA2_Channel1_IRQHandler
                         0x800'0f21        Code  Wk  startup_stm32f10x_cl.o [3]
DMA2_Channel2_IRQHandler
                         0x800'0f25        Code  Wk  startup_stm32f10x_cl.o [3]
DMA2_Channel3_IRQHandler
                         0x800'0f29        Code  Wk  startup_stm32f10x_cl.o [3]
DMA2_Channel4_IRQHandler
                         0x800'0f2d        Code  Wk  startup_stm32f10x_cl.o [3]
DMA2_Channel5_IRQHandler
                         0x800'0f31        Code  Wk  startup_stm32f10x_cl.o [3]
DMA_ClearITPendingBit    0x800'0821  0x10  Code  Gb  stm32f10x_dma.o [5]
DMA_Cmd                  0x800'07cd  0x1c  Code  Gb  stm32f10x_dma.o [5]
DMA_Configure            0x800'024b  0x56  Code  Gb  main.o [6]
DMA_GetITStatus          0x800'0801  0x20  Code  Gb  stm32f10x_dma.o [5]
DMA_ITConfig             0x800'07e9  0x18  Code  Gb  stm32f10x_dma.o [5]
DMA_Init                 0x800'0795  0x38  Code  Gb  stm32f10x_dma.o [5]
DebugMon_Handler         0x800'0e21   0x2  Code  Gb  stm32f10x_it.o [6]
Delay                    0x800'04b7   0xe  Code  Gb  main.o [6]
ETH_IRQHandler           0x800'0f35        Code  Wk  startup_stm32f10x_cl.o [3]
ETH_WKUP_IRQHandler      0x800'0f39        Code  Wk  startup_stm32f10x_cl.o [3]
EXTI0_IRQHandler         0x800'0e75        Code  Wk  startup_stm32f10x_cl.o [3]
EXTI15_10_IRQHandler     0x800'03e9  0x38  Code  Gb  main.o [6]
EXTI1_IRQHandler         0x800'0e79        Code  Wk  startup_stm32f10x_cl.o [3]
EXTI2_IRQHandler         0x800'0e7d        Code  Wk  startup_stm32f10x_cl.o [3]
EXTI3_IRQHandler         0x800'0e81        Code  Wk  startup_stm32f10x_cl.o [3]
EXTI4_IRQHandler         0x800'0e85        Code  Wk  startup_stm32f10x_cl.o [3]
EXTI9_5_IRQHandler       0x800'0eb9        Code  Wk  startup_stm32f10x_cl.o [3]
EXTI_ClearITPendingBit   0x800'0779   0x6  Code  Gb  stm32f10x_exti.o [5]
EXTI_Configure           0x800'0221  0x2a  Code  Gb  main.o [6]
EXTI_GetITStatus         0x800'0759  0x20  Code  Gb  stm32f10x_exti.o [5]
EXTI_Init                0x800'06e1  0x78  Code  Gb  stm32f10x_exti.o [5]
FLASH_IRQHandler         0x800'0e6d        Code  Wk  startup_stm32f10x_cl.o [3]
GPIO_EXTILineConfig      0x800'068f  0x4c  Code  Gb  stm32f10x_gpio.o [5]
GPIO_Init                0x800'05ad  0xc2  Code  Gb  stm32f10x_gpio.o [5]
GPIO_ReadInputDataBit    0x800'066f  0x14  Code  Gb  stm32f10x_gpio.o [5]
GPIO_ResetBits           0x800'0689   0x6  Code  Gb  stm32f10x_gpio.o [5]
GPIO_SetBits             0x800'0683   0x6  Code  Gb  stm32f10x_gpio.o [5]
GpioInit                 0x800'01ad  0x74  Code  Gb  main.o [6]
HardFault_Handler        0x800'0e17   0x2  Code  Gb  stm32f10x_it.o [6]
I2C1_ER_IRQHandler       0x800'0edd        Code  Wk  startup_stm32f10x_cl.o [3]
I2C1_EV_IRQHandler       0x800'0ed9        Code  Wk  startup_stm32f10x_cl.o [3]
I2C2_ER_IRQHandler       0x800'0ee5        Code  Wk  startup_stm32f10x_cl.o [3]
I2C2_EV_IRQHandler       0x800'0ee1        Code  Wk  startup_stm32f10x_cl.o [3]
MemManage_Handler        0x800'0e19   0x2  Code  Gb  stm32f10x_it.o [6]
NMI_Handler              0x800'0e15   0x2  Code  Gb  stm32f10x_it.o [6]
NVIC_Configure           0x800'0317  0x6c  Code  Gb  main.o [6]
NVIC_Init                0x800'09eb  0x60  Code  Gb  misc.o [5]
NVIC_PriorityGroupConfig
                         0x800'09e1   0xa  Code  Gb  misc.o [5]
OTG_FS_IRQHandler        0x800'0f4d        Code  Wk  startup_stm32f10x_cl.o [3]
OTG_FS_WKUP_IRQHandler   0x800'0f05        Code  Wk  startup_stm32f10x_cl.o [3]
PVD_IRQHandler           0x800'0e61        Code  Wk  startup_stm32f10x_cl.o [3]
PendSV_Handler           0x800'0e23   0x2  Code  Gb  stm32f10x_it.o [6]
RCCInit                  0x800'016f  0x3e  Code  Gb  main.o [6]
RCC_AHBPeriphClockCmd    0x800'054d  0x1c  Code  Gb  stm32f10x_rcc.o [5]
RCC_APB1PeriphClockCmd   0x800'0585  0x1c  Code  Gb  stm32f10x_rcc.o [5]
RCC_APB2PeriphClockCmd   0x800'0569  0x1c  Code  Gb  stm32f10x_rcc.o [5]
RCC_IRQHandler           0x800'0e71        Code  Wk  startup_stm32f10x_cl.o [3]
RTCAlarm_IRQHandler      0x800'0f01        Code  Wk  startup_stm32f10x_cl.o [3]
RTC_IRQHandler           0x800'0e69        Code  Wk  startup_stm32f10x_cl.o [3]
Region$$Table$$Base      0x800'0da0         --   Gb  - Linker created -
Region$$Table$$Limit     0x800'0db0         --   Gb  - Linker created -
ResetFireAlarm           0x800'0495  0x22  Code  Gb  main.o [6]
Reset_Handler            0x800'0e29        Code  Wk  startup_stm32f10x_cl.o [3]
SPI1_IRQHandler          0x800'0ee9        Code  Wk  startup_stm32f10x_cl.o [3]
SPI2_IRQHandler          0x800'0eed        Code  Wk  startup_stm32f10x_cl.o [3]
SPI3_IRQHandler          0x800'0f0d        Code  Wk  startup_stm32f10x_cl.o [3]
SVC_Handler              0x800'0e1f   0x2  Code  Gb  stm32f10x_it.o [6]
SetFireAlarm             0x800'0473  0x22  Code  Gb  main.o [6]
SetSysClock              0x800'0c43   0x8  Code  Lc  system_stm32f10x.o [2]
SetSysClockTo72          0x800'0c4b  0xd2  Code  Lc  system_stm32f10x.o [2]
SysTick_Handler          0x800'0e25   0x2  Code  Gb  stm32f10x_it.o [6]
SystemInit               0x800'0bf1  0x52  Code  Gb  system_stm32f10x.o [2]
TAMPER_IRQHandler        0x800'0e65        Code  Wk  startup_stm32f10x_cl.o [3]
TIM1_BRK_IRQHandler      0x800'0ebd        Code  Wk  startup_stm32f10x_cl.o [3]
TIM1_CC_IRQHandler       0x800'0ec9        Code  Wk  startup_stm32f10x_cl.o [3]
TIM1_TRG_COM_IRQHandler
                         0x800'0ec5        Code  Wk  startup_stm32f10x_cl.o [3]
TIM1_UP_IRQHandler       0x800'0ec1        Code  Wk  startup_stm32f10x_cl.o [3]
TIM2_IRQHandler          0x800'0ecd        Code  Wk  startup_stm32f10x_cl.o [3]
TIM3_IRQHandler          0x800'0ed1        Code  Wk  startup_stm32f10x_cl.o [3]
TIM4_IRQHandler          0x800'0ed5        Code  Wk  startup_stm32f10x_cl.o [3]
TIM5_IRQHandler          0x800'0f09        Code  Wk  startup_stm32f10x_cl.o [3]
TIM6_IRQHandler          0x800'0f19        Code  Wk  startup_stm32f10x_cl.o [3]
TIM7_IRQHandler          0x800'0f1d        Code  Wk  startup_stm32f10x_cl.o [3]
TIM_ARRPreloadConfig     0x800'0b97  0x1c  Code  Gb  stm32f10x_tim.o [5]
TIM_Cmd                  0x800'0b7b  0x1c  Code  Gb  stm32f10x_tim.o [5]
TIM_Configure            0x800'0383  0x66  Code  Gb  main.o [6]
TIM_OC3Init              0x800'0af3  0x88  Code  Gb  stm32f10x_tim.o [5]
TIM_OC3PreloadConfig     0x800'0bb3  0x10  Code  Gb  stm32f10x_tim.o [5]
TIM_TimeBaseInit         0x800'0a61  0x92  Code  Gb  stm32f10x_tim.o [5]
UART4_IRQHandler         0x800'0f11        Code  Wk  startup_stm32f10x_cl.o [3]
UART5_IRQHandler         0x800'0f15        Code  Wk  startup_stm32f10x_cl.o [3]
USART1_IRQHandler        0x800'0ef1        Code  Wk  startup_stm32f10x_cl.o [3]
USART2_IRQHandler        0x800'0ef5        Code  Wk  startup_stm32f10x_cl.o [3]
USART3_IRQHandler        0x800'0ef9        Code  Wk  startup_stm32f10x_cl.o [3]
UsageFault_Handler       0x800'0e1d   0x2  Code  Gb  stm32f10x_it.o [6]
WWDG_IRQHandler          0x800'0e5d        Code  Wk  startup_stm32f10x_cl.o [3]
__NVIC_EnableIRQ         0x800'0151  0x1e  Code  Lc  main.o [6]
__cmain                  0x800'0db1        Code  Gb  cmain.o [9]
__exit                   0x800'0de5  0x14  Code  Gb  exit.o [10]
__iar_data_init3         0x800'0d79  0x28  Code  Gb  data_init.o [9]
__iar_program_start      0x800'0df9        Code  Gb  cstartup_M.o [9]
__iar_zero_init3         0x800'0d41  0x38  Code  Gb  zero_init3.o [9]
__low_level_init         0x800'0dcf   0x4  Code  Gb  low_level_init.o [7]
__vector_table           0x800'0000        Data  Gb  startup_stm32f10x_cl.o [3]
_call_main               0x800'0dbd        Code  Gb  cmain.o [9]
_exit                    0x800'0dd9        Code  Gb  cexit.o [9]
btnFlag                 0x2000'0000   0x4  Data  Gb  main.o [6]
exit                     0x800'0dd3   0x4  Code  Gb  exit.o [7]
gasFlag                 0x2000'0004   0x4  Data  Gb  main.o [6]
main                     0x800'04c5  0x52  Code  Gb  main.o [6]


[1] = C:\Embedded\week3\Debug\Obj\CoreSupport
[2] = C:\Embedded\week3\Debug\Obj\Libraries\CMSIS\DeviceSupport
[3] = C:\Embedded\week3\Debug\Obj\Libraries\CMSIS\DeviceSupport\Startup
[4] = C:\Embedded\week3\Debug\Obj\Libraries\LCD
[5] = C:\Embedded\week3\Debug\Obj\Libraries\STM32F10x_StdPeriph_Driver_v3.5\src
[6] = C:\Embedded\week3\Debug\Obj\user
[7] = dl7M_tln.a
[8] = m7M_tl.a
[9] = rt7M_tl.a
[10] = shb_l.a

  3'904 bytes of readonly  code memory
     16 bytes of readonly  data memory
  4'106 bytes of readwrite data memory

Errors: none
Warnings: none
